Component: ARM Compiler 5.06 update 6 (build 750) Tool: armlink [4d35ed]

==============================================================================

Section Cross References

    startup_stm32f042x6.o(STACK) refers (Special) to heapauxi.o(.text) for __use_two_region_memory
    startup_stm32f042x6.o(HEAP) refers (Special) to heapauxi.o(.text) for __use_two_region_memory
    startup_stm32f042x6.o(RESET) refers (Special) to heapauxi.o(.text) for __use_two_region_memory
    startup_stm32f042x6.o(RESET) refers to startup_stm32f042x6.o(STACK) for __initial_sp
    startup_stm32f042x6.o(RESET) refers to startup_stm32f042x6.o(.text) for Reset_Handler
    startup_stm32f042x6.o(RESET) refers to stm32f0xx_it.o(i.NMI_Handler) for NMI_Handler
    startup_stm32f042x6.o(RESET) refers to stm32f0xx_it.o(i.HardFault_Handler) for HardFault_Handler
    startup_stm32f042x6.o(RESET) refers to stm32f0xx_it.o(i.SVC_Handler) for SVC_Handler
    startup_stm32f042x6.o(RESET) refers to stm32f0xx_it.o(i.PendSV_Handler) for PendSV_Handler
    startup_stm32f042x6.o(RESET) refers to stm32f0xx_it.o(i.SysTick_Handler) for SysTick_Handler
    startup_stm32f042x6.o(RESET) refers to stm32f0xx_it.o(i.TIM16_IRQHandler) for TIM16_IRQHandler
    startup_stm32f042x6.o(RESET) refers to stm32f0xx_it.o(i.USART1_IRQHandler) for USART1_IRQHandler
    startup_stm32f042x6.o(RESET) refers to stm32f0xx_it.o(i.USART2_IRQHandler) for USART2_IRQHandler
    startup_stm32f042x6.o(.text) refers (Special) to heapauxi.o(.text) for __use_two_region_memory
    startup_stm32f042x6.o(.text) refers to startup_stm32f042x6.o(STACK) for __initial_sp
    startup_stm32f042x6.o(.text) refers to system_stm32f0xx.o(i.SystemInit) for SystemInit
    startup_stm32f042x6.o(.text) refers to __main.o(!!!main) for __main
    startup_stm32f042x6.o(.text) refers to startup_stm32f042x6.o(HEAP) for Heap_Mem
    main.o(i.HAL_TIM_PeriodElapsedCallback) refers to stm32f0xx_hal_gpio.o(i.HAL_GPIO_TogglePin) for HAL_GPIO_TogglePin
    main.o(i.MX_GPIO_Init) refers to rt_memclr.o(.text) for __aeabi_memclr4
    main.o(i.MX_GPIO_Init) refers to stm32f0xx_hal_gpio.o(i.HAL_GPIO_WritePin) for HAL_GPIO_WritePin
    main.o(i.MX_GPIO_Init) refers to stm32f0xx_hal_gpio.o(i.HAL_GPIO_Init) for HAL_GPIO_Init
    main.o(i.MX_TIM2_Init) refers to stm32f0xx_hal_tim.o(i.HAL_TIM_Base_Init) for HAL_TIM_Base_Init
    main.o(i.MX_TIM2_Init) refers to stm32f0xx_hal_tim.o(i.HAL_TIM_ConfigClockSource) for HAL_TIM_ConfigClockSource
    main.o(i.MX_TIM2_Init) refers to stm32f0xx_hal_tim_ex.o(i.HAL_TIMEx_MasterConfigSynchronization) for HAL_TIMEx_MasterConfigSynchronization
    main.o(i.MX_TIM2_Init) refers to main.o(.bss) for .bss
    main.o(i.MX_USART1_UART_Init) refers to stm32f0xx_hal_uart.o(i.HAL_UART_Init) for HAL_UART_Init
    main.o(i.MX_USART1_UART_Init) refers to main.o(.bss) for .bss
    main.o(i.MX_USART2_UART_Init) refers to stm32f0xx_hal_uart.o(i.HAL_UART_Init) for HAL_UART_Init
    main.o(i.MX_USART2_UART_Init) refers to main.o(.bss) for .bss
    main.o(i.SystemClock_Config) refers to rt_memclr.o(.text) for __aeabi_memclr4
    main.o(i.SystemClock_Config) refers to stm32f0xx_hal_rcc.o(i.HAL_RCC_OscConfig) for HAL_RCC_OscConfig
    main.o(i.SystemClock_Config) refers to stm32f0xx_hal_rcc.o(i.HAL_RCC_ClockConfig) for HAL_RCC_ClockConfig
    main.o(i.SystemClock_Config) refers to stm32f0xx_hal_rcc_ex.o(i.HAL_RCCEx_PeriphCLKConfig) for HAL_RCCEx_PeriphCLKConfig
    main.o(i.fputc) refers to stm32f0xx_hal_uart.o(i.HAL_UART_Transmit) for HAL_UART_Transmit
    main.o(i.fputc) refers to main.o(.bss) for .bss
    main.o(i.main) refers to stm32f0xx_hal.o(i.HAL_Init) for HAL_Init
    main.o(i.main) refers to main.o(i.SystemClock_Config) for SystemClock_Config
    main.o(i.main) refers to main.o(i.MX_GPIO_Init) for MX_GPIO_Init
    main.o(i.main) refers to main.o(i.MX_USART2_UART_Init) for MX_USART2_UART_Init
    main.o(i.main) refers to main.o(i.MX_TIM2_Init) for MX_TIM2_Init
    main.o(i.main) refers to stm32f0xx_hal_tim.o(i.HAL_TIM_Base_Init) for HAL_TIM_Base_Init
    main.o(i.main) refers to main.o(i.MX_USART1_UART_Init) for MX_USART1_UART_Init
    main.o(i.main) refers to stm32f0xx_hal_tim.o(i.HAL_TIM_Base_Start) for HAL_TIM_Base_Start
    main.o(i.main) refers to stm32f0xx_hal_tim.o(i.HAL_TIM_Base_Start_IT) for HAL_TIM_Base_Start_IT
    main.o(i.main) refers to noretval__2printf.o(.text) for __2printf
    main.o(i.main) refers to stm32f0xx_hal.o(i.HAL_Delay) for HAL_Delay
    main.o(i.main) refers to main.o(.bss) for .bss
    stm32f0xx_it.o(i.SysTick_Handler) refers to stm32f0xx_hal.o(i.HAL_IncTick) for HAL_IncTick
    stm32f0xx_it.o(i.TIM16_IRQHandler) refers to stm32f0xx_hal_tim.o(i.HAL_TIM_IRQHandler) for HAL_TIM_IRQHandler
    stm32f0xx_it.o(i.TIM16_IRQHandler) refers to main.o(.bss) for htim16
    stm32f0xx_it.o(i.USART1_IRQHandler) refers to stm32f0xx_hal_uart.o(i.HAL_UART_IRQHandler) for HAL_UART_IRQHandler
    stm32f0xx_it.o(i.USART1_IRQHandler) refers to main.o(.bss) for huart1
[...]
    ../Drivers/STM32F0xx_HAL_Driver/Src/stm32f0xx_hal_uart.c 0x00000000   Number         0  stm32f0xx_hal_uart.o ABSOLUTE
    ../Drivers/STM32F0xx_HAL_Driver/Src/stm32f0xx_hal_uart_ex.c 0x00000000   Number         0  stm32f0xx_hal_uart_ex.o ABSOLUTE
    ../clib/angel/boardlib.s                 0x00000000   Number         0  boardinit1.o ABSOLUTE
    ../clib/angel/boardlib.s                 0x00000000   Number         0  boardinit2.o ABSOLUTE
    ../clib/angel/boardlib.s                 0x00000000   Number         0  boardinit3.o ABSOLUTE
    ../clib/angel/boardlib.s                 0x00000000   Number         0  boardshut.o ABSOLUTE
    ../clib/angel/handlers.s                 0x00000000   Number         0  __scatter_zi.o ABSOLUTE
    ../clib/angel/handlers.s                 0x00000000   Number         0  __scatter_copy.o ABSOLUTE
    ../clib/angel/kernel.s                   0x00000000   Number         0  rtexit2.o ABSOLUTE
    ../clib/angel/kernel.s                   0x00000000   Number         0  __rtentry4.o ABSOLUTE
    ../clib/angel/kernel.s                   0x00000000   Number         0  __rtentry.o ABSOLUTE
    ../clib/angel/kernel.s                   0x00000000   Number         0  __rtentry2.o ABSOLUTE
    ../clib/angel/kernel.s                   0x00000000   Number         0  rtexit.o ABSOLUTE
    ../clib/angel/rt.s                       0x00000000   Number         0  aeabi_idiv0_sigfpe.o ABSOLUTE
    ../clib/angel/rt.s                       0x00000000   Number         0  aeabi_ldiv0.o ABSOLUTE
    ../clib/angel/rt.s                       0x00000000   Number         0  rt_div0.o ABSOLUTE
    ../clib/angel/rt.s                       0x00000000   Number         0  aeabi_ldiv0_sigfpe.o ABSOLUTE
    ../clib/angel/rt.s                       0x00000000   Number         0  rt_errno_addr.o ABSOLUTE
    ../clib/angel/rt.s                       0x00000000   Number         0  rt_errno_addr_intlibspace.o ABSOLUTE
    ../clib/angel/rt.s                       0x00000000   Number         0  aeabi_idiv0.o ABSOLUTE
    ../clib/angel/rt.s                       0x00000000   Number         0  rt_raise.o ABSOLUTE
    ../clib/angel/rt.s                       0x00000000   Number         0  rt_heap_descriptor.o ABSOLUTE
    ../clib/angel/rt.s                       0x00000000   Number         0  rt_heap_descriptor_intlibspace.o ABSOLUTE
    ../clib/angel/scatterp.s                 0x00000000   Number         0  __scatter.o ABSOLUTE
    ../clib/angel/startup.s                  0x00000000   Number         0  __main.o ABSOLUTE
    ../clib/angel/sys.s                      0x00000000   Number         0  mutex_dummy.o ABSOLUTE
    ../clib/angel/sys.s                      0x00000000   Number         0  libspace.o ABSOLUTE
    ../clib/angel/sys.s                      0x00000000   Number         0  tempstk.o ABSOLUTE
    ../clib/angel/sys.s                      0x00000000   Number         0  sys_stackheap_outer.o ABSOLUTE
    ../clib/angel/sys.s                      0x00000000   Number         0  use_no_semi.o ABSOLUTE
    ../clib/angel/sys.s                      0x00000000   Number         0  indicate_semi.o ABSOLUTE
    ../clib/angel/sysapp.c                   0x00000000   Number         0  sys_exit.o ABSOLUTE
    ../clib/angel/sysapp.c                   0x00000000   Number         0  sys_command.o ABSOLUTE
    ../clib/armsys.c                         0x00000000   Number         0  no_argv.o ABSOLUTE
    ../clib/armsys.c                         0x00000000   Number         0  _get_argv_nomalloc.o ABSOLUTE
    ../clib/armsys.c                         0x00000000   Number         0  _get_argv.o ABSOLUTE
    ../clib/armsys.c                         0x00000000   Number         0  argv_veneer.o ABSOLUTE
    ../clib/division.c                       0x00000000   Number         0  lludiv.o ABSOLUTE
    ../clib/division.s                       0x00000000   Number         0  aeabi_sdiv_div0.o ABSOLUTE
    ../clib/division.s                       0x00000000   Number         0  aeabi_sdiv.o ABSOLUTE
    ../clib/heap1.c                          0x00000000   Number         0  h1_free_mt.o ABSOLUTE
    ../clib/heap1.c                          0x00000000   Number         0  h1_final_mt.o ABSOLUTE
    ../clib/heap1.c                          0x00000000   Number         0  h1_free.o ABSOLUTE
    ../clib/heap1.c                          0x00000000   Number         0  h1_extend.o ABSOLUTE
    ../clib/heap1.c                          0x00000000   Number         0  h1_final.o ABSOLUTE
    ../clib/heap1.c                          0x00000000   Number         0  h1_alloc.o ABSOLUTE
    ../clib/heap1.c                          0x00000000   Number         0  h1_init.o ABSOLUTE
    ../clib/heap1.c                          0x00000000   Number         0  h1_alloc_mt.o ABSOLUTE
    ../clib/heap1.c                          0x00000000   Number         0  h1_init_mt.o ABSOLUTE
    ../clib/heap1.c                          0x00000000   Number         0  h1_extend_mt.o ABSOLUTE
    ../clib/heap2.c                          0x00000000   Number         0  fdtree.o ABSOLUTE
    ../clib/heap2.c                          0x00000000   Number         0  heap2mt.o ABSOLUTE
    ../clib/heap2.c                          0x00000000   Number         0  heap2.o ABSOLUTE
    ../clib/heapalloc.c                      0x00000000   Number         0  term_alloc.o ABSOLUTE
    ../clib/heapalloc.c                      0x00000000   Number         0  heapstubs.o ABSOLUTE
    ../clib/heapalloc.c                      0x00000000   Number         0  malloc.o ABSOLUTE
    ../clib/heapalloc.c                      0x00000000   Number         0  init_alloc.o ABSOLUTE
    ../clib/heapalloc.c                      0x00000000   Number         0  hrguard.o ABSOLUTE
    ../clib/heapalloc.c                      0x00000000   Number         0  maybetermalloc1.o ABSOLUTE
    ../clib/heapalloc.c                      0x00000000   Number         0  hguard.o ABSOLUTE
    ../clib/heapalloc.c                      0x00000000   Number         0  maybetermalloc2.o ABSOLUTE
    ../clib/heapalloc.c                      0x00000000   Number         0  free.o ABSOLUTE
    ../clib/heapalloc.c                      0x00000000   Number         0  maybetermalloc2.o ABSOLUTE
    ../clib/heapalloc.c                      0x00000000   Number         0  maybetermalloc1.o ABSOLUTE
    ../clib/heapaux.c                        0x00000000   Number         0  heapauxi.o ABSOLUTE
    ../clib/heapaux.c                        0x00000000   Number         0  heapauxa.o ABSOLUTE
    ../clib/libinit.s                        0x00000000   Number         0  libinit.o ABSOLUTE
    ../clib/libinit.s                        0x00000000   Number         0  libinit2.o ABSOLUTE
    ../clib/libinit.s                        0x00000000   Number         0  libshutdown2.o ABSOLUTE
    ../clib/libinit.s                        0x00000000   Number         0  libshutdown.o ABSOLUTE
    ../clib/longlong.c                       0x00000000   Number         0  llushr.o ABSOLUTE
    ../clib/memcpset.c                       0x00000000   Number         0  rt_memclr.o ABSOLUTE
    ../clib/memcpset.c                       0x00000000   Number         0  rt_memcpy.o ABSOLUTE
    ../clib/memcpset.c                       0x00000000   Number         0  rt_memcpy.o ABSOLUTE
    ../clib/printf.c                         0x00000000   Number         0  noretval__2printf.o ABSOLUTE
    ../clib/printf.c                         0x00000000   Number         0  __printf_nopercent.o ABSOLUTE
    ../clib/printf.c                         0x00000000   Number         0  _printf_char_common.o ABSOLUTE
    ../clib/printf.c                         0x00000000   Number         0  __2printf.o ABSOLUTE
    ../clib/printf.c                         0x00000000   Number         0  _printf_char_file.o ABSOLUTE
    ../clib/signal.c                         0x00000000   Number         0  defsig_fpe_outer.o ABSOLUTE
    ../clib/signal.c                         0x00000000   Number         0  defsig_abrt_inner.o ABSOLUTE
    ../clib/signal.c                         0x00000000   Number         0  defsig_stak_inner.o ABSOLUTE
    ../clib/signal.c                         0x00000000   Number         0  defsig_pvfn_inner.o ABSOLUTE
    ../clib/signal.c                         0x00000000   Number         0  defsig_cppl_inner.o ABSOLUTE
    ../clib/signal.c                         0x00000000   Number         0  defsig_segv_inner.o ABSOLUTE
    ../clib/signal.c                         0x00000000   Number         0  defsig_rtred_formal.o ABSOLUTE
    ../clib/signal.c                         0x00000000   Number         0  defsig_other.o ABSOLUTE
    ../clib/signal.c                         0x00000000   Number         0  defsig_rtred_outer.o ABSOLUTE
    ../clib/signal.c                         0x00000000   Number         0  defsig_fpe_formal.o ABSOLUTE
    ../clib/signal.c                         0x00000000   Number         0  defsig_rtred_inner.o ABSOLUTE
    ../clib/signal.c                         0x00000000   Number         0  defsig_fpe_inner.o ABSOLUTE
    ../clib/signal.c                         0x00000000   Number         0  __raise.o ABSOLUTE
    ../clib/signal.c                         0x00000000   Number         0  defsig_general.o ABSOLUTE
    ../clib/signal.c                         0x00000000   Number         0  defsig_rtmem_outer.o ABSOLUTE
    ../clib/signal.c                         0x00000000   Number         0  defsig_rtmem_formal.o ABSOLUTE
    ../clib/signal.c                         0x00000000   Number         0  defsig_exit.o ABSOLUTE
    ../clib/signal.c                         0x00000000   Number         0  defsig_rtmem_inner.o ABSOLUTE
    ../clib/signal.s                         0x00000000   Number         0  defsig.o ABSOLUTE
    ../clib/stdio.c                          0x00000000   Number         0  ftell.o ABSOLUTE
    ../clib/stdio.c                          0x00000000   Number         0  initio_locked.o ABSOLUTE
    ../clib/stdio.c                          0x00000000   Number         0  ferror_locked.o ABSOLUTE
    ../clib/stdio.c                          0x00000000   Number         0  fclose.o ABSOLUTE
    ../clib/stdio.c                          0x00000000   Number         0  initio.o ABSOLUTE
    ../clib/stdio.c                          0x00000000   Number         0  ferror.o ABSOLUTE
    ../clib/stdio.c                          0x00000000   Number         0  setvbuf_locked.o ABSOLUTE
    ../clib/stdio.c                          0x00000000   Number         0  fopen_locked.o ABSOLUTE
    ../clib/stdio.c                          0x00000000   Number         0  stdio.o ABSOLUTE
    ../clib/stdio.c                          0x00000000   Number         0  fseek.o ABSOLUTE
    ../clib/stdio.c                          0x00000000   Number         0  stdio_streams.o ABSOLUTE
    ../clib/stdio.c                          0x00000000   Number         0  setvbuf.o ABSOLUTE
    ../clib/stdio.c                          0x00000000   Number         0  streamlock.o ABSOLUTE
    ../clib/stdio.c                          0x00000000   Number         0  fopen.o ABSOLUTE
    ../clib/stdlib.c                         0x00000000   Number         0  exit.o ABSOLUTE
    ../clib/string.c                         0x00000000   Number         0  strcmp.o ABSOLUTE
    ../fplib/cfplib/fpinit.c                 0x00000000   Number         0  fpinit.o ABSOLUTE
    ..\Core\Src\main.c                       0x00000000   Number         0  main.o ABSOLUTE
    ..\Core\Src\stm32f0xx_hal_msp.c          0x00000000   Number         0  stm32f0xx_hal_msp.o ABSOLUTE
    ..\Core\Src\stm32f0xx_it.c               0x00000000   Number         0  stm32f0xx_it.o ABSOLUTE
    ..\Core\Src\system_stm32f0xx.c           0x00000000   Number         0  system_stm32f0xx.o ABSOLUTE
    ..\Drivers\STM32F0xx_HAL_Driver\Src\stm32f0xx_hal.c 0x00000000   Number         0  stm32f0xx_hal.o ABSOLUTE
    ..\Drivers\STM32F0xx_HAL_Driver\Src\stm32f0xx_hal_cortex.c 0x00000000   Number         0  stm32f0xx_hal_cortex.o ABSOLUTE
    ..\Drivers\STM32F0xx_HAL_Driver\Src\stm32f0xx_hal_dma.c 0x00000000   Number         0  stm32f0xx_hal_dma.o ABSOLUTE
    ..\Drivers\STM32F0xx_HAL_Driver\Src\stm32f0xx_hal_exti.c 0x00000000   Number         0  stm32f0xx_hal_exti.o ABSOLUTE
    ..\Drivers\STM32F0xx_HAL_Driver\Src\stm32f0xx_hal_flash.c 0x00000000   Number         0  stm32f0xx_hal_flash.o ABSOLUTE
    ..\Drivers\STM32F0xx_HAL_Driver\Src\stm32f0xx_hal_flash_ex.c 0x00000000   Number         0  stm32f0xx_hal_flash_ex.o ABSOLUTE
    ..\Drivers\STM32F0xx_HAL_Driver\Src\stm32f0xx_hal_gpio.c 0x00000000   Number         0  stm32f0xx_hal_gpio.o ABSOLUTE
    ..\Drivers\STM32F0xx_HAL_Driver\Src\stm32f0xx_hal_i2c.c 0x00000000   Number         0  stm32f0xx_hal_i2c.o ABSOLUTE
    ..\Drivers\STM32F0xx_HAL_Driver\Src\stm32f0xx_hal_i2c_ex.c 0x00000000   Number         0  stm32f0xx_hal_i2c_ex.o ABSOLUTE
    ..\Drivers\STM32F0xx_HAL_Driver\Src\stm32f0xx_hal_pwr.c 0x00000000   Number         0  stm32f0xx_hal_pwr.o ABSOLUTE
    ..\Drivers\STM32F0xx_HAL_Driver\Src\stm32f0xx_hal_pwr_ex.c 0x00000000   Number         0  stm32f0xx_hal_pwr_ex.o ABSOLUTE
    ..\Drivers\STM32F0xx_HAL_Driver\Src\stm32f0xx_hal_rcc.c 0x00000000   Number         0  stm32f0xx_hal_rcc.o ABSOLUTE
    ..\Drivers\STM32F0xx_HAL_Driver\Src\stm32f0xx_hal_rcc_ex.c 0x00000000   Number         0  stm32f0xx_hal_rcc_ex.o ABSOLUTE
    ..\Drivers\STM32F0xx_HAL_Driver\Src\stm32f0xx_hal_tim.c 0x00000000   Number         0  stm32f0xx_hal_tim.o ABSOLUTE
    ..\Drivers\STM32F0xx_HAL_Driver\Src\stm32f0xx_hal_tim_ex.c 0x00000000   Number         0  stm32f0xx_hal_tim_ex.o ABSOLUTE
    ..\Drivers\STM32F0xx_HAL_Driver\Src\stm32f0xx_hal_uart.c 0x00000000   Number         0  stm32f0xx_hal_uart.o ABSOLUTE
    ..\Drivers\STM32F0xx_HAL_Driver\Src\stm32f0xx_hal_uart_ex.c 0x00000000   Number         0  stm32f0xx_hal_uart_ex.o ABSOLUTE
    C:\Users\allen\AppData\Local\Arm\Packs\Keil\ARM_Compiler\1.6.2\Source\retarget_io.c 0x00000000   Number         0  retarget_io.o ABSOLUTE
    dc.s                                     0x00000000   Number         0  dc.o ABSOLUTE
    startup_stm32f042x6.s                    0x00000000   Number         0  startup_stm32f042x6.o ABSOLUTE
    RESET                                    0x08000000   Section      192  startup_stm32f042x6.o(RESET)
    !!!main                                  0x080000c0   Section        8  __main.o(!!!main)
    !!!scatter                               0x080000c8   Section       60  __scatter.o(!!!scatter)
    !!handler_copy                           0x08000104   Section       26  __scatter_copy.o(!!handler_copy)
    !!handler_zi                             0x08000120   Section       28  __scatter_zi.o(!!handler_zi)
    .ARM.Collect$$libinit$$00000000          0x0800013c   Section        2  libinit.o(.ARM.Collect$$libinit$$00000000)
    .ARM.Collect$$libinit$$00000002          0x0800013e   Section        0  libinit2.o(.ARM.Collect$$libinit$$00000002)
    .ARM.Collect$$libinit$$00000004          0x0800013e   Section        0  libinit2.o(.ARM.Collect$$libinit$$00000004)
    .ARM.Collect$$libinit$$00000005          0x0800013e   Section        8  libinit2.o(.ARM.Collect$$libinit$$00000005)
    .ARM.Collect$$libinit$$0000000A          0x08000146   Section        0  libinit2.o(.ARM.Collect$$libinit$$0000000A)
    .ARM.Collect$$libinit$$0000000C          0x08000146   Section        0  libinit2.o(.ARM.Collect$$libinit$$0000000C)
    .ARM.Collect$$libinit$$0000000E          0x08000146   Section        0  libinit2.o(.ARM.Collect$$libinit$$0000000E)
    .ARM.Collect$$libinit$$00000011          0x08000146   Section        0  libinit2.o(.ARM.Collect$$libinit$$00000011)
    .ARM.Collect$$libinit$$00000013          0x08000146   Section        0  libinit2.o(.ARM.Collect$$libinit$$00000013)
    .ARM.Collect$$libinit$$00000015          0x08000146   Section        0  libinit2.o(.ARM.Collect$$libinit$$00000015)
    .ARM.Collect$$libinit$$00000017          0x08000146   Section        0  libinit2.o(.ARM.Collect$$libinit$$00000017)
    .ARM.Collect$$libinit$$00000019          0x08000146   Section        0  libinit2.o(.ARM.Collect$$libinit$$00000019)
    .ARM.Collect$$libinit$$0000001B          0x08000146   Section        0  libinit2.o(.ARM.Collect$$libinit$$0000001B)
    .ARM.Collect$$libinit$$0000001D          0x08000146   Section        0  libinit2.o(.ARM.Collect$$libinit$$0000001D)
    .ARM.Collect$$libinit$$0000001F          0x08000146   Section        0  libinit2.o(.ARM.Collect$$libinit$$0000001F)
    .ARM.Collect$$libinit$$00000021          0x08000146   Section        0  libinit2.o(.ARM.Collect$$libinit$$00000021)
    .ARM.Collect$$libinit$$00000023          0x08000146   Section        0  libinit2.o(.ARM.Collect$$libinit$$00000023)
    .ARM.Collect$$libinit$$00000024          0x08000146   Section        4  libinit2.o(.ARM.Collect$$libinit$$00000024)
    .ARM.Collect$$libinit$$00000025          0x0800014a   Section        0  libinit2.o(.ARM.Collect$$libinit$$00000025)
    .ARM.Collect$$libinit$$0000002C          0x0800014a   Section        0  libinit2.o(.ARM.Collect$$libinit$$0000002C)
    .ARM.Collect$$libinit$$0000002E          0x0800014a   Section        0  libinit2.o(.ARM.Collect$$libinit$$0000002E)
    .ARM.Collect$$libinit$$00000030          0x0800014a   Section        0  libinit2.o(.ARM.Collect$$libinit$$00000030)
    .ARM.Collect$$libinit$$00000032          0x0800014a   Section        0  libinit2.o(.ARM.Collect$$libinit$$00000032)
    .ARM.Collect$$libinit$$00000033          0x0800014a   Section        2  libinit2.o(.ARM.Collect$$libinit$$00000033)
    .ARM.Collect$$libshutdown$$00000000      0x0800014c   Section        2  libshutdown.o(.ARM.Collect$$libshutdown$$00000000)
    .ARM.Collect$$libshutdown$$00000002      0x0800014e   Section        0  libshutdown2.o(.ARM.Collect$$libshutdown$$00000002)
    .ARM.Collect$$libshutdown$$00000003      0x0800014e   Section        4  libshutdown2.o(.ARM.Collect$$libshutdown$$00000003)
    .ARM.Collect$$libshutdown$$00000004      0x08000152   Section        0  libshutdown2.o(.ARM.Collect$$libshutdown$$00000004)
    .ARM.Collect$$libshutdown$$00000007      0x08000152   Section        0  libshutdown2.o(.ARM.Collect$$libshutdown$$00000007)
    .ARM.Collect$$libshutdown$$0000000A      0x08000152   Section        0  libshutdown2.o(.ARM.Collect$$libshutdown$$0000000A)
    .ARM.Collect$$libshutdown$$0000000C      0x08000152   Section        0  libshutdown2.o(.ARM.Collect$$libshutdown$$0000000C)
    .ARM.Collect$$libshutdown$$0000000F      0x08000152   Section        0  libshutdown2.o(.ARM.Collect$$libshutdown$$0000000F)
    .ARM.Collect$$libshutdown$$00000010      0x08000152   Section        2  libshutdown2.o(.ARM.Collect$$libshutdown$$00000010)
    .ARM.Collect$$rtentry$$00000000          0x08000154   Section        0  __rtentry.o(.ARM.Collect$$rtentry$$00000000)
    .ARM.Collect$$rtentry$$00000002          0x08000154   Section        0  __rtentry2.o(.ARM.Collect$$rtentry$$00000002)
    .ARM.Collect$$rtentry$$00000004          0x08000154   Section        6  __rtentry4.o(.ARM.Collect$$rtentry$$00000004)
    .ARM.Collect$$rtentry$$00000009          0x0800015a   Section        0  __rtentry2.o(.ARM.Collect$$rtentry$$00000009)
    .ARM.Collect$$rtentry$$0000000A          0x0800015a   Section        4  __rtentry2.o(.ARM.Collect$$rtentry$$0000000A)
    .ARM.Collect$$rtentry$$0000000C          0x0800015e   Section        0  __rtentry2.o(.ARM.Collect$$rtentry$$0000000C)
    .ARM.Collect$$rtentry$$0000000D          0x0800015e   Section        8  __rtentry2.o(.ARM.Collect$$rtentry$$0000000D)
    .ARM.Collect$$rtexit$$00000000           0x08000166   Section        2  rtexit.o(.ARM.Collect$$rtexit$$00000000)
    .ARM.Collect$$rtexit$$00000002           0x08000168   Section        0  rtexit2.o(.ARM.Collect$$rtexit$$00000002)
    .ARM.Collect$$rtexit$$00000003           0x08000168   Section        4  rtexit2.o(.ARM.Collect$$rtexit$$00000003)
    .ARM.Collect$$rtexit$$00000004           0x0800016c   Section        6  rtexit2.o(.ARM.Collect$$rtexit$$00000004)
    .emb_text                                0x08000174   Section        0  maybetermalloc1.o(.emb_text)
    .text                                    0x08000174   Section      116  startup_stm32f042x6.o(.text)
    .text                                    0x080001e8   Section        0  lludiv.o(.text)
    .text                                    0x080002ec   Section        0  noretval__2printf.o(.text)
    .text                                    0x08000308   Section        0  rt_memclr.o(.text)
    .text                                    0x08000348   Section        0  strcmp.o(.text)
    .text                                    0x080003d0   Section      346  aeabi_sdiv.o(.text)
    .text                                    0x0800052a   Section        0  heapauxi.o(.text)
    .text                                    0x08000530   Section        0  _printf_char_file.o(.text)
    .text                                    0x08000558   Section        0  _printf_char_common.o(.text)
    _printf_input_char                       0x08000559   Thumb Code    10  _printf_char_common.o(.text)
    .text                                    0x08000588   Section        0  ferror.o(.text)
    .text                                    0x08000590   Section        0  initio.o(.text)
    .text                                    0x080006cc   Section       62  sys_stackheap_outer.o(.text)
    .text                                    0x0800070a   Section        0  h1_free.o(.text)
    .text                                    0x08000756   Section        0  __printf_nopercent.o(.text)
    .text                                    0x0800077c   Section        0  setvbuf.o(.text)
    .text                                    0x080007c8   Section        0  fopen.o(.text)
    _freopen_locked                          0x080007c9   Thumb Code     0  fopen.o(.text)
    .text                                    0x080008b0   Section        0  fclose.o(.text)
    .text                                    0x080008fc   Section        0  exit.o(.text)
    .text                                    0x0800090c   Section        0  defsig_rtred_outer.o(.text)
    .text                                    0x08000918   Section        8  libspace.o(.text)
    .text                                    0x08000920   Section        8  rt_heap_descriptor_intlibspace.o(.text)
    .text                                    0x08000928   Section        0  hguard.o(.text)
    .text                                    0x0800092c   Section        0  init_alloc.o(.text)
    .text                                    0x080009b4   Section        0  h1_alloc.o(.text)
    .text                                    0x08000a18   Section        0  fseek.o(.text)
    .text                                    0x08000b0c   Section        0  stdio.o(.text)
    .text                                    0x08000bfc   Section        0  defsig_exit.o(.text)
    .text                                    0x08000c08   Section        0  defsig_rtred_inner.o(.text)
    .text                                    0x08000c3c   Section        0  sys_exit.o(.text)
    .text                                    0x08000c48   Section        0  h1_init.o(.text)
    .text                                    0x08000c56   Section        0  h1_extend.o(.text)
    .text                                    0x08000c8a   Section        0  ftell.o(.text)
    .text                                    0x08000ccc   Section        0  defsig_general.o(.text)
    .text                                    0x08000d00   Section        0  defsig_rtmem_outer.o(.text)
    .text                                    0x08000d0c   Section        2  use_no_semi.o(.text)
    .text                                    0x08000d0e   Section        0  indicate_semi.o(.text)
    .text                                    0x08000d10   Section        8  rt_errno_addr_intlibspace.o(.text)
    .text                                    0x08000d18   Section        0  defsig_rtmem_inner.o(.text)
    i.HAL_DMA_Abort                          0x08000d68   Section        0  stm32f0xx_hal_dma.o(i.HAL_DMA_Abort)
    i.HAL_DMA_Abort_IT                       0x08000da8   Section        0  stm32f0xx_hal_dma.o(i.HAL_DMA_Abort_IT)
    i.HAL_Delay                              0x08000df0   Section        0  stm32f0xx_hal.o(i.HAL_Delay)
    i.HAL_GPIO_Init                          0x08000e14   Section        0  stm32f0xx_hal_gpio.o(i.HAL_GPIO_Init)
    i.HAL_GPIO_TogglePin                     0x08000fac   Section        0  stm32f0xx_hal_gpio.o(i.HAL_GPIO_TogglePin)
    i.HAL_GPIO_WritePin                      0x08000fbc   Section        0  stm32f0xx_hal_gpio.o(i.HAL_GPIO_WritePin)
    i.HAL_GetTick                            0x08000fc8   Section        0  stm32f0xx_hal.o(i.HAL_GetTick)
    i.HAL_IncTick                            0x08000fd4   Section        0  stm32f0xx_hal.o(i.HAL_IncTick)
    i.HAL_Init                               0x08000fe4   Section        0  stm32f0xx_hal.o(i.HAL_Init)
    i.HAL_InitTick                           0x08001004   Section        0  stm32f0xx_hal.o(i.HAL_InitTick)
    i.HAL_MspInit                            0x08001048   Section        0  stm32f0xx_hal_msp.o(i.HAL_MspInit)
    i.HAL_NVIC_EnableIRQ                     0x08001070   Section        0  stm32f0xx_hal_cortex.o(i.HAL_NVIC_EnableIRQ)
    i.HAL_NVIC_SetPriority                   0x08001088   Section        0  stm32f0xx_hal_cortex.o(i.HAL_NVIC_SetPriority)
    i.HAL_RCCEx_PeriphCLKConfig              0x08001090   Section        0  stm32f0xx_hal_rcc_ex.o(i.HAL_RCCEx_PeriphCLKConfig)
    i.HAL_RCC_ClockConfig                    0x0800119c   Section        0  stm32f0xx_hal_rcc.o(i.HAL_RCC_ClockConfig)
    i.HAL_RCC_GetPCLK1Freq                   0x080012ac   Section        0  stm32f0xx_hal_rcc.o(i.HAL_RCC_GetPCLK1Freq)
    i.HAL_RCC_GetSysClockFreq                0x080012cc   Section        0  stm32f0xx_hal_rcc.o(i.HAL_RCC_GetSysClockFreq)
    i.HAL_RCC_OscConfig                      0x08001334   Section        0  stm32f0xx_hal_rcc.o(i.HAL_RCC_OscConfig)
    i.HAL_SYSTICK_Config                     0x08001738   Section        0  stm32f0xx_hal_cortex.o(i.HAL_SYSTICK_Config)
    i.HAL_TIMEx_BreakCallback                0x08001768   Section        0  stm32f0xx_hal_tim_ex.o(i.HAL_TIMEx_BreakCallback)
    i.HAL_TIMEx_CommutCallback               0x0800176a   Section        0  stm32f0xx_hal_tim_ex.o(i.HAL_TIMEx_CommutCallback)
    i.HAL_TIMEx_MasterConfigSynchronization  0x0800176c   Section        0  stm32f0xx_hal_tim_ex.o(i.HAL_TIMEx_MasterConfigSynchronization)
    i.HAL_TIM_Base_Init                      0x080017c4   Section        0  stm32f0xx_hal_tim.o(i.HAL_TIM_Base_Init)
    i.HAL_TIM_Base_MspInit                   0x0800180c   Section        0  stm32f0xx_hal_msp.o(i.HAL_TIM_Base_MspInit)
    i.HAL_TIM_Base_Start                     0x0800185c   Section        0  stm32f0xx_hal_tim.o(i.HAL_TIM_Base_Start)
    i.HAL_TIM_Base_Start_IT                  0x080018a0   Section        0  stm32f0xx_hal_tim.o(i.HAL_TIM_Base_Start_IT)
    i.HAL_TIM_ConfigClockSource              0x080018ec   Section        0  stm32f0xx_hal_tim.o(i.HAL_TIM_ConfigClockSource)
    i.HAL_TIM_IC_CaptureCallback             0x080019c8   Section        0  stm32f0xx_hal_tim.o(i.HAL_TIM_IC_CaptureCallback)
    i.HAL_TIM_IRQHandler                     0x080019ca   Section        0  stm32f0xx_hal_tim.o(i.HAL_TIM_IRQHandler)
    i.HAL_TIM_OC_DelayElapsedCallback        0x08001b2c   Section        0  stm32f0xx_hal_tim.o(i.HAL_TIM_OC_DelayElapsedCallback)
    i.HAL_TIM_PWM_PulseFinishedCallback      0x08001b2e   Section        0  stm32f0xx_hal_tim.o(i.HAL_TIM_PWM_PulseFinishedCallback)
    i.HAL_TIM_PeriodElapsedCallback          0x08001b30   Section        0  main.o(i.HAL_TIM_PeriodElapsedCallback)
    i.HAL_TIM_TriggerCallback                0x08001b3e   Section        0  stm32f0xx_hal_tim.o(i.HAL_TIM_TriggerCallback)
    i.HAL_UARTEx_RxEventCallback             0x08001b40   Section        0  stm32f0xx_hal_uart.o(i.HAL_UARTEx_RxEventCallback)
    i.HAL_UARTEx_WakeupCallback              0x08001b42   Section        0  stm32f0xx_hal_uart_ex.o(i.HAL_UARTEx_WakeupCallback)
    i.HAL_UART_ErrorCallback                 0x08001b44   Section        0  stm32f0xx_hal_uart.o(i.HAL_UART_ErrorCallback)
    i.HAL_UART_IRQHandler                    0x08001b48   Section        0  stm32f0xx_hal_uart.o(i.HAL_UART_IRQHandler)
    i.HAL_UART_Init                          0x08001df4   Section        0  stm32f0xx_hal_uart.o(i.HAL_UART_Init)
    i.HAL_UART_MspInit                       0x08001e60   Section        0  stm32f0xx_hal_msp.o(i.HAL_UART_MspInit)
    i.HAL_UART_Transmit                      0x08001f14   Section        0  stm32f0xx_hal_uart.o(i.HAL_UART_Transmit)
    i.HAL_UART_TxCpltCallback                0x08001fd4   Section        0  stm32f0xx_hal_uart.o(i.HAL_UART_TxCpltCallback)
    i.HardFault_Handler                      0x08001fd6   Section        0  stm32f0xx_it.o(i.HardFault_Handler)
    i.MX_GPIO_Init                           0x08001fd8   Section        0  main.o(i.MX_GPIO_Init)
    MX_GPIO_Init                             0x08001fd9   Thumb Code   148  main.o(i.MX_GPIO_Init)
    i.MX_TIM2_Init                           0x08002078   Section        0  main.o(i.MX_TIM2_Init)
    MX_TIM2_Init                             0x08002079   Thumb Code    98  main.o(i.MX_TIM2_Init)
    i.MX_USART1_UART_Init                    0x080020e0   Section        0  main.o(i.MX_USART1_UART_Init)
    MX_USART1_UART_Init                      0x080020e1   Thumb Code    48  main.o(i.MX_USART1_UART_Init)
    i.MX_USART2_UART_Init                    0x08002118   Section        0  main.o(i.MX_USART2_UART_Init)
    MX_USART2_UART_Init                      0x08002119   Thumb Code    48  main.o(i.MX_USART2_UART_Init)
    i.NMI_Handler                            0x08002150   Section        0  stm32f0xx_it.o(i.NMI_Handler)
    i.PendSV_Handler                         0x08002152   Section        0  stm32f0xx_it.o(i.PendSV_Handler)
    i.SVC_Handler                            0x08002154   Section        0  stm32f0xx_it.o(i.SVC_Handler)
    i.SysTick_Handler                        0x08002156   Section        0  stm32f0xx_it.o(i.SysTick_Handler)
    i.SystemClock_Config                     0x0800215e   Section        0  main.o(i.SystemClock_Config)
    i.SystemInit                             0x080021c6   Section        0  system_stm32f0xx.o(i.SystemInit)
    i.TIM16_IRQHandler                       0x080021c8   Section        0  stm32f0xx_it.o(i.TIM16_IRQHandler)
    i.TIM_Base_SetConfig                     0x080021d8   Section        0  stm32f0xx_hal_tim.o(i.TIM_Base_SetConfig)
    i.TIM_ETR_SetConfig                      0x0800225c   Section        0  stm32f0xx_hal_tim.o(i.TIM_ETR_SetConfig)
    i.TIM_ITRx_SetConfig                     0x08002272   Section        0  stm32f0xx_hal_tim.o(i.TIM_ITRx_SetConfig)
    TIM_ITRx_SetConfig                       0x08002273   Thumb Code    16  stm32f0xx_hal_tim.o(i.TIM_ITRx_SetConfig)
    i.TIM_TI1_ConfigInputStage               0x08002282   Section        0  stm32f0xx_hal_tim.o(i.TIM_TI1_ConfigInputStage)
    TIM_TI1_ConfigInputStage                 0x08002283   Thumb Code    34  stm32f0xx_hal_tim.o(i.TIM_TI1_ConfigInputStage)
    i.TIM_TI2_ConfigInputStage               0x080022a4   Section        0  stm32f0xx_hal_tim.o(i.TIM_TI2_ConfigInputStage)
    TIM_TI2_ConfigInputStage                 0x080022a5   Thumb Code    38  stm32f0xx_hal_tim.o(i.TIM_TI2_ConfigInputStage)
    i.UART_AdvFeatureConfig                  0x080022ca   Section        0  stm32f0xx_hal_uart.o(i.UART_AdvFeatureConfig)
    i.UART_CheckIdleState                    0x08002394   Section        0  stm32f0xx_hal_uart.o(i.UART_CheckIdleState)
    i.UART_DMAAbortOnError                   0x08002458   Section        0  stm32f0xx_hal_uart.o(i.UART_DMAAbortOnError)
    UART_DMAAbortOnError                     0x08002459   Thumb Code    20  stm32f0xx_hal_uart.o(i.UART_DMAAbortOnError)
    i.UART_EndRxTransfer                     0x0800246c   Section        0  stm32f0xx_hal_uart.o(i.UART_EndRxTransfer)
    UART_EndRxTransfer                       0x0800246d   Thumb Code    96  stm32f0xx_hal_uart.o(i.UART_EndRxTransfer)
    i.UART_SetConfig                         0x080024cc   Section        0  stm32f0xx_hal_uart.o(i.UART_SetConfig)
    i.UART_WaitOnFlagUntilTimeout            0x080025fc   Section        0  stm32f0xx_hal_uart.o(i.UART_WaitOnFlagUntilTimeout)
    i.USART1_IRQHandler                      0x08002688   Section        0  stm32f0xx_it.o(i.USART1_IRQHandler)
    i.USART2_IRQHandler                      0x08002698   Section        0  stm32f0xx_it.o(i.USART2_IRQHandler)
    i.__ARM_common_ll_muluu                  0x080026a8   Section        0  stm32f0xx_hal_rcc.o(i.__ARM_common_ll_muluu)
    i.__NVIC_SetPriority                     0x080026d8   Section        0  stm32f0xx_hal_cortex.o(i.__NVIC_SetPriority)
    __NVIC_SetPriority                       0x080026d9   Thumb Code    60  stm32f0xx_hal_cortex.o(i.__NVIC_SetPriority)
    i._sys_close                             0x0800271c   Section        0  retarget_io.o(i._sys_close)
    i._sys_flen                              0x08002738   Section        0  retarget_io.o(i._sys_flen)
    i._sys_istty                             0x08002748   Section        0  retarget_io.o(i._sys_istty)
    i._sys_open                              0x08002764   Section        0  retarget_io.o(i._sys_open)
    i._sys_seek                              0x080027cc   Section        0  retarget_io.o(i._sys_seek)
    i._sys_write                             0x080027d4   Section        0  retarget_io.o(i._sys_write)
    i._ttywrch                               0x08002814   Section        0  retarget_io.o(i._ttywrch)
    i.fputc                                  0x0800281c   Section        0  main.o(i.fputc)
    i.main                                   0x08002834   Section        0  main.o(i.main)
    i.stdout_putchar                         0x080028ac   Section        0  main.o(i.stdout_putchar)
    i.ttywrch                                0x080028b0   Section        0  main.o(i.ttywrch)
    .constdata                               0x080028b2   Section       32  stm32f0xx_hal_rcc.o(.constdata)
    aPLLMULFactorTable                       0x080028b2   Data          16  stm32f0xx_hal_rcc.o(.constdata)
    aPredivFactorTable                       0x080028c2   Data          16  stm32f0xx_hal_rcc.o(.constdata)
    .constdata                               0x080028d2   Section       16  system_stm32f0xx.o(.constdata)
    .constdata                               0x080028e2   Section        8  system_stm32f0xx.o(.constdata)
    .constdata                               0x080028ea   Section        7  retarget_io.o(.constdata)
    .constdata                               0x080028f1   Section        8  retarget_io.o(.constdata)
    .constdata                               0x080028f9   Section        8  retarget_io.o(.constdata)
    .data                                    0x20000000   Section       12  stm32f0xx_hal.o(.data)
    .data                                    0x2000000c   Section        4  system_stm32f0xx.o(.data)
    .data                                    0x20000010   Section        4  stdio_streams.o(.data)
    .data                                    0x20000014   Section        4  stdio_streams.o(.data)
    .data                                    0x20000018   Section        4  stdio_streams.o(.data)
    .bss                                     0x2000001c   Section      416  main.o(.bss)
    .bss                                     0x200001bc   Section       84  stdio_streams.o(.bss)
    .bss                                     0x20000210   Section       84  stdio_streams.o(.bss)
    .bss                                     0x20000264   Section       84  stdio_streams.o(.bss)
    .bss                                     0x200002b8   Section       96  libspace.o(.bss)
    HEAP                                     0x20000318   Section      512  startup_stm32f042x6.o(HEAP)
    Heap_Mem                                 0x20000318   Data         512  startup_stm32f042x6.o(HEAP)
    STACK                                    0x20000518   Section     1024  startup_stm32f042x6.o(STACK)
    Stack_Mem                                0x20000518   Data        1024  startup_stm32f042x6.o(STACK)
    __initial_sp                             0x20000918   Data           0  startup_stm32f042x6.o(STACK)

    Global Symbols

    Symbol Name                              Value     Ov Type        Size  Object(Section)

    BuildAttributes$$THM_ISAv3M$S$PE$A:L22$X:L11$S22$IEEE1$IW$USESV6$~STKCKD$USESV7$~SHL$OTIME$ROPI$EBA8$UX$STANDARDLIB$REQ8$PRES8$EABIv2 0x00000000   Number         0  anon$$obj.o ABSOLUTE
    __ARM_use_no_argv                        0x00000000   Number         0  main.o ABSOLUTE
    __ARM_exceptions_init                     - Undefined Weak Reference
    __alloca_initialize                       - Undefined Weak Reference
    __arm_preinit_                            - Undefined Weak Reference
    __cpp_initialize__aeabi_                  - Undefined Weak Reference
    __cxa_finalize                            - Undefined Weak Reference
    __rt_locale                               - Undefined Weak Reference
    __sigvec_lookup                           - Undefined Weak Reference
    __user_heap_extent                        - Undefined Weak Reference
    _atexit_init                              - Undefined Weak Reference
    _call_atexit_fns                          - Undefined Weak Reference
    _clock_init                               - Undefined Weak Reference
    _fp_trap_init                             - Undefined Weak Reference
    _fp_trap_shutdown                         - Undefined Weak Reference
    _get_lc_collate                           - Undefined Weak Reference
    _get_lc_ctype                             - Undefined Weak Reference
    _get_lc_monetary                          - Undefined Weak Reference
    _get_lc_numeric                           - Undefined Weak Reference
    _get_lc_time                              - Undefined Weak Reference
    _getenv_init                              - Undefined Weak Reference
    _handle_redirection                       - Undefined Weak Reference
    _mutex_acquire                            - Undefined Weak Reference
    _mutex_free                               - Undefined Weak Reference
    _mutex_release                            - Undefined Weak Reference
    _rand_init                                - Undefined Weak Reference
    _signal_finish                            - Undefined Weak Reference
    _signal_init                              - Undefined Weak Reference
    __Vectors_Size                           0x000000c0   Number         0  startup_stm32f042x6.o ABSOLUTE
    __Vectors                                0x08000000   Data           4  startup_stm32f042x6.o(RESET)
    __Vectors_End                            0x080000c0   Data           0  startup_stm32f042x6.o(RESET)
    __main                                   0x080000c1   Thumb Code     8  __main.o(!!!main)
    __scatterload                            0x080000c9   Thumb Code     0  __scatter.o(!!!scatter)
    __scatterload_rt2                        0x080000c9   Thumb Code    52  __scatter.o(!!!scatter)
    __scatterload_rt2_thumb_only             0x080000c9   Thumb Code     0  __scatter.o(!!!scatter)
    __scatterload_null                       0x080000d9   Thumb Code     0  __scatter.o(!!!scatter)
    __scatterload_copy                       0x08000105   Thumb Code    26  __scatter_copy.o(!!handler_copy)
    __scatterload_zeroinit                   0x08000121   Thumb Code    28  __scatter_zi.o(!!handler_zi)
    __rt_lib_init                            0x0800013d   Thumb Code     0  libinit.o(.ARM.Collect$$libinit$$00000000)
    __rt_lib_init_fp_1                       0x0800013f   Thumb Code     0  libinit2.o(.ARM.Collect$$libinit$$00000002)
    __rt_lib_init_heap_2                     0x0800013f   Thumb Code     0  libinit2.o(.ARM.Collect$$libinit$$00000005)
    __rt_lib_init_preinit_1                  0x0800013f   Thumb Code     0  libinit2.o(.ARM.Collect$$libinit$$00000004)
    __rt_lib_init_atexit_1                   0x08000147   Thumb Code     0  libinit2.o(.ARM.Collect$$libinit$$0000001B)
    __rt_lib_init_clock_1                    0x08000147   Thumb Code     0  libinit2.o(.ARM.Collect$$libinit$$00000021)
    __rt_lib_init_fp_trap_1                  0x08000147   Thumb Code     0  libinit2.o(.ARM.Collect$$libinit$$0000001F)
    __rt_lib_init_getenv_1                   0x08000147   Thumb Code     0  libinit2.o(.ARM.Collect$$libinit$$00000023)
    __rt_lib_init_heap_1                     0x08000147   Thumb Code     0  libinit2.o(.ARM.Collect$$libinit$$0000000A)
    __rt_lib_init_lc_collate_1               0x08000147   Thumb Code     0  libinit2.o(.ARM.Collect$$libinit$$00000011)
    __rt_lib_init_lc_ctype_1                 0x08000147   Thumb Code     0  libinit2.o(.ARM.Collect$$libinit$$00000013)
    __rt_lib_init_lc_monetary_1              0x08000147   Thumb Code     0  libinit2.o(.ARM.Collect$$libinit$$00000015)
    __rt_lib_init_lc_numeric_1               0x08000147   Thumb Code     0  libinit2.o(.ARM.Collect$$libinit$$00000017)
    __rt_lib_init_lc_time_1                  0x08000147   Thumb Code     0  libinit2.o(.ARM.Collect$$libinit$$00000019)
    __rt_lib_init_rand_1                     0x08000147   Thumb Code     0  libinit2.o(.ARM.Collect$$libinit$$0000000E)
    __rt_lib_init_signal_1                   0x08000147   Thumb Code     0  libinit2.o(.ARM.Collect$$libinit$$0000001D)
    __rt_lib_init_stdio_2                    0x08000147   Thumb Code     0  libinit2.o(.ARM.Collect$$libinit$$00000024)
    __rt_lib_init_user_alloc_1               0x08000147   Thumb Code     0  libinit2.o(.ARM.Collect$$libinit$$0000000C)
    __rt_lib_init_alloca_1                   0x0800014b   Thumb Code     0  libinit2.o(.ARM.Collect$$libinit$$0000002E)
    __rt_lib_init_argv_1                     0x0800014b   Thumb Code     0  libinit2.o(.ARM.Collect$$libinit$$0000002C)
    __rt_lib_init_cpp_1                      0x0800014b   Thumb Code     0  libinit2.o(.ARM.Collect$$libinit$$00000032)
    __rt_lib_init_exceptions_1               0x0800014b   Thumb Code     0  libinit2.o(.ARM.Collect$$libinit$$00000030)
    __rt_lib_init_return                     0x0800014b   Thumb Code     0  libinit2.o(.ARM.Collect$$libinit$$00000033)
    __rt_lib_init_stdio_1                    0x0800014b   Thumb Code     0  libinit2.o(.ARM.Collect$$libinit$$00000025)
    __rt_lib_shutdown                        0x0800014d   Thumb Code     0  libshutdown.o(.ARM.Collect$$libshutdown$$00000000)
    __rt_lib_shutdown_cpp_1                  0x0800014f   Thumb Code     0  libshutdown2.o(.ARM.Collect$$libshutdown$$00000002)
    __rt_lib_shutdown_stdio_2                0x0800014f   Thumb Code     0  libshutdown2.o(.ARM.Collect$$libshutdown$$00000003)
    __rt_lib_shutdown_fp_trap_1              0x08000153   Thumb Code     0  libshutdown2.o(.ARM.Collect$$libshutdown$$00000007)
    __rt_lib_shutdown_heap_1                 0x08000153   Thumb Code     0  libshutdown2.o(.ARM.Collect$$libshutdown$$0000000F)
    __rt_lib_shutdown_return                 0x08000153   Thumb Code     0  libshutdown2.o(.ARM.Collect$$libshutdown$$00000010)
    __rt_lib_shutdown_signal_1               0x08000153   Thumb Code     0  libshutdown2.o(.ARM.Collect$$libshutdown$$0000000A)
    __rt_lib_shutdown_stdio_1                0x08000153   Thumb Code     0  libshutdown2.o(.ARM.Collect$$libshutdown$$00000004)
    __rt_lib_shutdown_user_alloc_1           0x08000153   Thumb Code     0  libshutdown2.o(.ARM.Collect$$libshutdown$$0000000C)
    __rt_entry                               0x08000155   Thumb Code     0  __rtentry.o(.ARM.Collect$$rtentry$$00000000)
    __rt_entry_presh_1                       0x08000155   Thumb Code     0  __rtentry2.o(.ARM.Collect$$rtentry$$00000002)
    __rt_entry_sh                            0x08000155   Thumb Code     0  __rtentry4.o(.ARM.Collect$$rtentry$$00000004)
    __rt_entry_li                            0x0800015b   Thumb Code     0  __rtentry2.o(.ARM.Collect$$rtentry$$0000000A)
    __rt_entry_postsh_1                      0x0800015b   Thumb Code     0  __rtentry2.o(.ARM.Collect$$rtentry$$00000009)
    __rt_entry_main                          0x0800015f   Thumb Code     0  __rtentry2.o(.ARM.Collect$$rtentry$$0000000D)
    __rt_entry_postli_1                      0x0800015f   Thumb Code     0  __rtentry2.o(.ARM.Collect$$rtentry$$0000000C)
    __rt_exit                                0x08000167   Thumb Code     0  rtexit.o(.ARM.Collect$$rtexit$$00000000)
    __rt_exit_ls                             0x08000169   Thumb Code     0  rtexit2.o(.ARM.Collect$$rtexit$$00000003)
    __rt_exit_prels_1                        0x08000169   Thumb Code     0  rtexit2.o(.ARM.Collect$$rtexit$$00000002)
    __rt_exit_exit                           0x0800016d   Thumb Code     0  rtexit2.o(.ARM.Collect$$rtexit$$00000004)
    Reset_Handler                            0x08000175   Thumb Code    38  startup_stm32f042x6.o(.text)
    _maybe_terminate_alloc                   0x08000175   Thumb Code     0  maybetermalloc1.o(.emb_text)
    ADC1_IRQHandler                          0x080001a5   Thumb Code     0  startup_stm32f042x6.o(.text)
    CEC_CAN_IRQHandler                       0x080001a5   Thumb Code     0  startup_stm32f042x6.o(.text)
    DMA1_Channel1_IRQHandler                 0x080001a5   Thumb Code     0  startup_stm32f042x6.o(.text)
    DMA1_Channel2_3_IRQHandler               0x080001a5   Thumb Code     0  startup_stm32f042x6.o(.text)
    DMA1_Channel4_5_IRQHandler               0x080001a5   Thumb Code     0  startup_stm32f042x6.o(.text)
    EXTI0_1_IRQHandler                       0x080001a5   Thumb Code     0  startup_stm32f042x6.o(.text)
    EXTI2_3_IRQHandler                       0x080001a5   Thumb Code     0  startup_stm32f042x6.o(.text)
    EXTI4_15_IRQHandler                      0x080001a5   Thumb Code     0  startup_stm32f042x6.o(.text)
    FLASH_IRQHandler                         0x080001a5   Thumb Code     0  startup_stm32f042x6.o(.text)
    I2C1_IRQHandler                          0x080001a5   Thumb Code     0  startup_stm32f042x6.o(.text)
    PVD_VDDIO2_IRQHandler                    0x080001a5   Thumb Code     0  startup_stm32f042x6.o(.text)
    RCC_CRS_IRQHandler                       0x080001a5   Thumb Code     0  startup_stm32f042x6.o(.text)
    RTC_IRQHandler                           0x080001a5   Thumb Code     0  startup_stm32f042x6.o(.text)
    SPI1_IRQHandler                          0x080001a5   Thumb Code     0  startup_stm32f042x6.o(.text)
    SPI2_IRQHandler                          0x080001a5   Thumb Code     0  startup_stm32f042x6.o(.text)
    TIM14_IRQHandler                         0x080001a5   Thumb Code     0  startup_stm32f042x6.o(.text)
    TIM17_IRQHandler                         0x080001a5   Thumb Code     0  startup_stm32f042x6.o(.text)
    TIM1_BRK_UP_TRG_COM_IRQHandler           0x080001a5   Thumb Code     0  startup_stm32f042x6.o(.text)
    TIM1_CC_IRQHandler                       0x080001a5   Thumb Code     0  startup_stm32f042x6.o(.text)
    TIM2_IRQHandler                          0x080001a5   Thumb Code     0  startup_stm32f042x6.o(.text)
    TIM3_IRQHandler                          0x080001a5   Thumb Code     0  startup_stm32f042x6.o(.text)
    TSC_IRQHandler                           0x080001a5   Thumb Code     0  startup_stm32f042x6.o(.text)
    USB_IRQHandler                           0x080001a5   Thumb Code     0  startup_stm32f042x6.o(.text)
    WWDG_IRQHandler                          0x080001a5   Thumb Code     0  startup_stm32f042x6.o(.text)
    __user_initial_stackheap                 0x080001a9   Thumb Code     0  startup_stm32f042x6.o(.text)
    __aeabi_uldivmod                         0x080001e9   Thumb Code   258  lludiv.o(.text)
    _ll_udiv                                 0x080001e9   Thumb Code     0  lludiv.o(.text)
    __2printf                                0x080002ed   Thumb Code    22  noretval__2printf.o(.text)
    _memset_w                                0x08000309   Thumb Code    26  rt_memclr.o(.text)
    _memset                                  0x08000323   Thumb Code    30  rt_memclr.o(.text)
    __aeabi_memclr                           0x08000341   Thumb Code     4  rt_memclr.o(.text)
    __rt_memclr                              0x08000341   Thumb Code     0  rt_memclr.o(.text)
    __aeabi_memclr4                          0x08000345   Thumb Code     0  rt_memclr.o(.text)
    __aeabi_memclr8                          0x08000345   Thumb Code     0  rt_memclr.o(.text)
    __rt_memclr_w                            0x08000345   Thumb Code     4  rt_memclr.o(.text)
    strcmp                                   0x08000349   Thumb Code   132  strcmp.o(.text)
    __aeabi_uidiv                            0x080003d1   Thumb Code     0  aeabi_sdiv.o(.text)
    __aeabi_uidivmod                         0x080003d1   Thumb Code    20  aeabi_sdiv.o(.text)
    __aeabi_idiv                             0x080003e5   Thumb Code     0  aeabi_sdiv.o(.text)
    __aeabi_idivmod                          0x080003e5   Thumb Code   326  aeabi_sdiv.o(.text)
    __use_two_region_memory                  0x0800052b   Thumb Code     2  heapauxi.o(.text)
    __rt_heap_escrow                         0x0800052d   Thumb Code     2  heapauxi.o(.text)
    __rt_heap_expand                         0x0800052f   Thumb Code     2  heapauxi.o(.text)
    _printf_char_file                        0x08000531   Thumb Code    34  _printf_char_file.o(.text)
    _printf_char_common                      0x08000563   Thumb Code    32  _printf_char_common.o(.text)
    ferror                                   0x08000589   Thumb Code     8  ferror.o(.text)
    _initio                                  0x08000591   Thumb Code   216  initio.o(.text)
    _terminateio                             0x08000669   Thumb Code    56  initio.o(.text)
    __user_setup_stackheap                   0x080006cd   Thumb Code    62  sys_stackheap_outer.o(.text)
    free                                     0x0800070b   Thumb Code    76  h1_free.o(.text)
    __printf                                 0x08000757   Thumb Code    36  __printf_nopercent.o(.text)
    setvbuf                                  0x0800077d   Thumb Code    72  setvbuf.o(.text)
    freopen                                  0x080007c9   Thumb Code   148  fopen.o(.text)
    fopen                                    0x0800085d   Thumb Code    76  fopen.o(.text)
    _fclose_internal                         0x080008b1   Thumb Code    72  fclose.o(.text)
    fclose                                   0x080008b1   Thumb Code     0  fclose.o(.text)
    exit                                     0x080008fd   Thumb Code    16  exit.o(.text)
    __rt_SIGRTRED                            0x0800090d   Thumb Code    12  defsig_rtred_outer.o(.text)
    __user_libspace                          0x08000919   Thumb Code     8  libspace.o(.text)
    __user_perproc_libspace                  0x08000919   Thumb Code     0  libspace.o(.text)
    __user_perthread_libspace                0x08000919   Thumb Code     0  libspace.o(.text)
    __rt_heap_descriptor                     0x08000921   Thumb Code     8  rt_heap_descriptor_intlibspace.o(.text)
    __use_no_heap                            0x08000929   Thumb Code     2  hguard.o(.text)
    __heap$guard                             0x0800092b   Thumb Code     2  hguard.o(.text)
    _terminate_user_alloc                    0x0800092d   Thumb Code     2  init_alloc.o(.text)
    _init_user_alloc                         0x0800092f   Thumb Code     2  init_alloc.o(.text)
    __Heap_Full                              0x08000931   Thumb Code    32  init_alloc.o(.text)
    __Heap_Broken                            0x08000951   Thumb Code    10  init_alloc.o(.text)
    _init_alloc                              0x0800095b   Thumb Code    90  init_alloc.o(.text)
    malloc                                   0x080009b5   Thumb Code    98  h1_alloc.o(.text)
    _fseek                                   0x08000a19   Thumb Code   240  fseek.o(.text)
    fseek                                    0x08000a19   Thumb Code     0  fseek.o(.text)
    _seterr                                  0x08000b0d   Thumb Code    20  stdio.o(.text)
    _writebuf                                0x08000b21   Thumb Code    76  stdio.o(.text)
    _fflush                                  0x08000b6d   Thumb Code    76  stdio.o(.text)
    _deferredlazyseek                        0x08000bb9   Thumb Code    60  stdio.o(.text)
    __sig_exit                               0x08000bfd   Thumb Code    12  defsig_exit.o(.text)
    __rt_SIGRTRED_inner                      0x08000c09   Thumb Code    14  defsig_rtred_inner.o(.text)
    _sys_exit                                0x08000c3d   Thumb Code     8  sys_exit.o(.text)
    __Heap_Initialize                        0x08000c49   Thumb Code    10  h1_init.o(.text)
    __Heap_DescSize                          0x08000c53   Thumb Code     4  h1_init.o(.text)
    __Heap_ProvideMemory                     0x08000c57   Thumb Code    52  h1_extend.o(.text)
    _ftell_internal                          0x08000c8b   Thumb Code    66  ftell.o(.text)
    ftell                                    0x08000c8b   Thumb Code     0  ftell.o(.text)
    __default_signal_display                 0x08000ccd   Thumb Code    52  defsig_general.o(.text)
    __rt_SIGRTMEM                            0x08000d01   Thumb Code    12  defsig_rtmem_outer.o(.text)
    __I$use$semihosting                      0x08000d0d   Thumb Code     0  use_no_semi.o(.text)
    __use_no_semihosting_swi                 0x08000d0d   Thumb Code     2  use_no_semi.o(.text)
    __semihosting_library_function           0x08000d0f   Thumb Code     0  indicate_semi.o(.text)
    __aeabi_errno_addr                       0x08000d11   Thumb Code     8  rt_errno_addr_intlibspace.o(.text)
    __errno$intlibspace                      0x08000d11   Thumb Code     0  rt_errno_addr_intlibspace.o(.text)
    __rt_errno_addr$intlibspace              0x08000d11   Thumb Code     0  rt_errno_addr_intlibspace.o(.text)
    __rt_SIGRTMEM_inner                      0x08000d19   Thumb Code    22  defsig_rtmem_inner.o(.text)
    HAL_DMA_Abort                            0x08000d69   Thumb Code    64  stm32f0xx_hal_dma.o(i.HAL_DMA_Abort)
    HAL_DMA_Abort_IT                         0x08000da9   Thumb Code    72  stm32f0xx_hal_dma.o(i.HAL_DMA_Abort_IT)
    HAL_Delay                                0x08000df1   Thumb Code    32  stm32f0xx_hal.o(i.HAL_Delay)
    HAL_GPIO_Init                            0x08000e15   Thumb Code   386  stm32f0xx_hal_gpio.o(i.HAL_GPIO_Init)
    HAL_GPIO_TogglePin                       0x08000fad   Thumb Code    16  stm32f0xx_hal_gpio.o(i.HAL_GPIO_TogglePin)
    HAL_GPIO_WritePin                        0x08000fbd   Thumb Code    12  stm32f0xx_hal_gpio.o(i.HAL_GPIO_WritePin)
    HAL_GetTick                              0x08000fc9   Thumb Code     6  stm32f0xx_hal.o(i.HAL_GetTick)
    HAL_IncTick                              0x08000fd5   Thumb Code    12  stm32f0xx_hal.o(i.HAL_IncTick)
    HAL_Init                                 0x08000fe5   Thumb Code    26  stm32f0xx_hal.o(i.HAL_Init)
    HAL_InitTick                             0x08001005   Thumb Code    58  stm32f0xx_hal.o(i.HAL_InitTick)
    HAL_MspInit                              0x08001049   Thumb Code    34  stm32f0xx_hal_msp.o(i.HAL_MspInit)
    HAL_NVIC_EnableIRQ                       0x08001071   Thumb Code    18  stm32f0xx_hal_cortex.o(i.HAL_NVIC_EnableIRQ)
    HAL_NVIC_SetPriority                     0x08001089   Thumb Code     8  stm32f0xx_hal_cortex.o(i.HAL_NVIC_SetPriority)
    HAL_RCCEx_PeriphCLKConfig                0x08001091   Thumb Code   254  stm32f0xx_hal_rcc_ex.o(i.HAL_RCCEx_PeriphCLKConfig)
    HAL_RCC_ClockConfig                      0x0800119d   Thumb Code   252  stm32f0xx_hal_rcc.o(i.HAL_RCC_ClockConfig)
    HAL_RCC_GetPCLK1Freq                     0x080012ad   Thumb Code    20  stm32f0xx_hal_rcc.o(i.HAL_RCC_GetPCLK1Freq)
    HAL_RCC_GetSysClockFreq                  0x080012cd   Thumb Code    86  stm32f0xx_hal_rcc.o(i.HAL_RCC_GetSysClockFreq)
    HAL_RCC_OscConfig                        0x08001335   Thumb Code  1028  stm32f0xx_hal_rcc.o(i.HAL_RCC_OscConfig)
    HAL_SYSTICK_Config                       0x08001739   Thumb Code    38  stm32f0xx_hal_cortex.o(i.HAL_SYSTICK_Config)
    HAL_TIMEx_BreakCallback                  0x08001769   Thumb Code     2  stm32f0xx_hal_tim_ex.o(i.HAL_TIMEx_BreakCallback)
    HAL_TIMEx_CommutCallback                 0x0800176b   Thumb Code     2  stm32f0xx_hal_tim_ex.o(i.HAL_TIMEx_CommutCallback)
    HAL_TIMEx_MasterConfigSynchronization    0x0800176d   Thumb Code    78  stm32f0xx_hal_tim_ex.o(i.HAL_TIMEx_MasterConfigSynchronization)
    HAL_TIM_Base_Init                        0x080017c5   Thumb Code    72  stm32f0xx_hal_tim.o(i.HAL_TIM_Base_Init)
    HAL_TIM_Base_MspInit                     0x0800180d   Thumb Code    70  stm32f0xx_hal_msp.o(i.HAL_TIM_Base_MspInit)
    HAL_TIM_Base_Start                       0x0800185d   Thumb Code    60  stm32f0xx_hal_tim.o(i.HAL_TIM_Base_Start)
    HAL_TIM_Base_Start_IT                    0x080018a1   Thumb Code    68  stm32f0xx_hal_tim.o(i.HAL_TIM_Base_Start_IT)
    HAL_TIM_ConfigClockSource                0x080018ed   Thumb Code   220  stm32f0xx_hal_tim.o(i.HAL_TIM_ConfigClockSource)
    HAL_TIM_IC_CaptureCallback               0x080019c9   Thumb Code     2  stm32f0xx_hal_tim.o(i.HAL_TIM_IC_CaptureCallback)
    HAL_TIM_IRQHandler                       0x080019cb   Thumb Code   354  stm32f0xx_hal_tim.o(i.HAL_TIM_IRQHandler)
    HAL_TIM_OC_DelayElapsedCallback          0x08001b2d   Thumb Code     2  stm32f0xx_hal_tim.o(i.HAL_TIM_OC_DelayElapsedCallback)
    HAL_TIM_PWM_PulseFinishedCallback        0x08001b2f   Thumb Code     2  stm32f0xx_hal_tim.o(i.HAL_TIM_PWM_PulseFinishedCallback)
    HAL_TIM_PeriodElapsedCallback            0x08001b31   Thumb Code    14  main.o(i.HAL_TIM_PeriodElapsedCallback)
    HAL_TIM_TriggerCallback                  0x08001b3f   Thumb Code     2  stm32f0xx_hal_tim.o(i.HAL_TIM_TriggerCallback)
    HAL_UARTEx_RxEventCallback               0x08001b41   Thumb Code     2  stm32f0xx_hal_uart.o(i.HAL_UARTEx_RxEventCallback)
    HAL_UARTEx_WakeupCallback                0x08001b43   Thumb Code     2  stm32f0xx_hal_uart_ex.o(i.HAL_UARTEx_WakeupCallback)
    HAL_UART_ErrorCallback                   0x08001b45   Thumb Code     2  stm32f0xx_hal_uart.o(i.HAL_UART_ErrorCallback)
    HAL_UART_IRQHandler                      0x08001b49   Thumb Code   670  stm32f0xx_hal_uart.o(i.HAL_UART_IRQHandler)
    HAL_UART_Init                            0x08001df5   Thumb Code   106  stm32f0xx_hal_uart.o(i.HAL_UART_Init)
    HAL_UART_MspInit                         0x08001e61   Thumb Code   166  stm32f0xx_hal_msp.o(i.HAL_UART_MspInit)
    HAL_UART_Transmit                        0x08001f15   Thumb Code   192  stm32f0xx_hal_uart.o(i.HAL_UART_Transmit)
    HAL_UART_TxCpltCallback                  0x08001fd5   Thumb Code     2  stm32f0xx_hal_uart.o(i.HAL_UART_TxCpltCallback)
    HardFault_Handler                        0x08001fd7   Thumb Code     2  stm32f0xx_it.o(i.HardFault_Handler)
    NMI_Handler                              0x08002151   Thumb Code     2  stm32f0xx_it.o(i.NMI_Handler)
    PendSV_Handler                           0x08002153   Thumb Code     2  stm32f0xx_it.o(i.PendSV_Handler)
    SVC_Handler                              0x08002155   Thumb Code     2  stm32f0xx_it.o(i.SVC_Handler)
    SysTick_Handler                          0x08002157   Thumb Code     8  stm32f0xx_it.o(i.SysTick_Handler)
    SystemClock_Config                       0x0800215f   Thumb Code   104  main.o(i.SystemClock_Config)
    SystemInit                               0x080021c7   Thumb Code     2  system_stm32f0xx.o(i.SystemInit)
    TIM16_IRQHandler                         0x080021c9   Thumb Code    10  stm32f0xx_it.o(i.TIM16_IRQHandler)
    TIM_Base_SetConfig                       0x080021d9   Thumb Code   112  stm32f0xx_hal_tim.o(i.TIM_Base_SetConfig)
    TIM_ETR_SetConfig                        0x0800225d   Thumb Code    22  stm32f0xx_hal_tim.o(i.TIM_ETR_SetConfig)
    UART_AdvFeatureConfig                    0x080022cb   Thumb Code   202  stm32f0xx_hal_uart.o(i.UART_AdvFeatureConfig)
    UART_CheckIdleState                      0x08002395   Thumb Code   190  stm32f0xx_hal_uart.o(i.UART_CheckIdleState)
    UART_SetConfig                           0x080024cd   Thumb Code   280  stm32f0xx_hal_uart.o(i.UART_SetConfig)
    UART_WaitOnFlagUntilTimeout              0x080025fd   Thumb Code   138  stm32f0xx_hal_uart.o(i.UART_WaitOnFlagUntilTimeout)
    USART1_IRQHandler                        0x08002689   Thumb Code    10  stm32f0xx_it.o(i.USART1_IRQHandler)
    USART2_IRQHandler                        0x08002699   Thumb Code    10  stm32f0xx_it.o(i.USART2_IRQHandler)
    __ARM_common_ll_muluu                    0x080026a9   Thumb Code    48  stm32f0xx_hal_rcc.o(i.__ARM_common_ll_muluu)
    _sys_close                               0x0800271d   Thumb Code    22  retarget_io.o(i._sys_close)
    _sys_flen                                0x08002739   Thumb Code    10  retarget_io.o(i._sys_flen)
    _sys_istty                               0x08002749   Thumb Code    22  retarget_io.o(i._sys_istty)
    _sys_open                                0x08002765   Thumb Code    70  retarget_io.o(i._sys_open)
    _sys_seek                                0x080027cd   Thumb Code     6  retarget_io.o(i._sys_seek)
    _sys_write                               0x080027d5   Thumb Code    54  retarget_io.o(i._sys_write)
    _ttywrch                                 0x08002815   Thumb Code     8  retarget_io.o(i._ttywrch)
    fputc                                    0x0800281d   Thumb Code    18  main.o(i.fputc)
    main                                     0x08002835   Thumb Code    92  main.o(i.main)
    stdout_putchar                           0x080028ad   Thumb Code     4  main.o(i.stdout_putchar)
    ttywrch                                  0x080028b1   Thumb Code     2  main.o(i.ttywrch)
    AHBPrescTable                            0x080028d2   Data          16  system_stm32f0xx.o(.constdata)
    APBPrescTable                            0x080028e2   Data           8  system_stm32f0xx.o(.constdata)
    __stdin_name                             0x080028ea   Data           7  retarget_io.o(.constdata)
    __stdout_name                            0x080028f1   Data           8  retarget_io.o(.constdata)
    __stderr_name                            0x080028f9   Data           8  retarget_io.o(.constdata)
    Region$$Table$$Base                      0x08002904   Number         0  anon$$obj.o(Region$$Table)
    Region$$Table$$Limit                     0x08002924   Number         0  anon$$obj.o(Region$$Table)
    uwTickFreq                               0x20000000   Data           1  stm32f0xx_hal.o(.data)
    uwTickPrio                               0x20000004   Data           4  stm32f0xx_hal.o(.data)
    uwTick                                   0x20000008   Data           4  stm32f0xx_hal.o(.data)
    SystemCoreClock                          0x2000000c   Data           4  system_stm32f0xx.o(.data)
    __aeabi_stdin                            0x20000010   Data           4  stdio_streams.o(.data)
    __aeabi_stdout                           0x20000014   Data           4  stdio_streams.o(.data)
    __aeabi_stderr                           0x20000018   Data           4  stdio_streams.o(.data)
    htim2                                    0x2000001c   Data          72  main.o(.bss)
    htim16                                   0x20000064   Data          72  main.o(.bss)
    huart1                                   0x200000ac   Data         136  main.o(.bss)
    huart2                                   0x20000134   Data         136  main.o(.bss)
    __stdin                                  0x200001bc   Data          84  stdio_streams.o(.bss)
    __stdout                                 0x20000210   Data          84  stdio_streams.o(.bss)
    __stderr                                 0x20000264   Data          84  stdio_streams.o(.bss)
    __libspace_start                         0x200002b8   Data          96  libspace.o(.bss)
    __temporary_stack_top$libspace           0x20000318   Data           0  libspace.o(.bss)



==============================================================================

Memory Map of the image

  Image Entry point : 0x080000c1

  Load Region LR_IROM1 (Base: 0x08000000, Size: 0x00002940, Max: 0x00008000, ABSOLUTE)

    Execution Region ER_IROM1 (Exec base: 0x08000000, Load base: 0x08000000, Size: 0x00002924, Max: 0x00008000, ABSOLUTE)

    Exec Addr    Load Addr    Size         Type   Attr      Idx    E Section Name        Object

    0x08000000   0x08000000   0x000000c0   Data   RO            3    RESET               startup_stm32f042x6.o
    0x080000c0   0x080000c0   0x00000008   Code   RO         3379  * !!!main             c_p.l(__main.o)
    0x080000c8   0x080000c8   0x0000003c   Code   RO         3706    !!!scatter          c_p.l(__scatter.o)
    0x08000104   0x08000104   0x0000001a   Code   RO         3708    !!handler_copy      c_p.l(__scatter_copy.o)
    0x0800011e   0x0800011e   0x00000002   PAD
    0x08000120   0x08000120   0x0000001c   Code   RO         3710    !!handler_zi        c_p.l(__scatter_zi.o)
    0x0800013c   0x0800013c   0x00000002   Code   RO         3514    .ARM.Collect$$libinit$$00000000  c_p.l(libinit.o)
    0x0800013e   0x0800013e   0x00000000   Code   RO         3516    .ARM.Collect$$libinit$$00000002  c_p.l(libinit2.o)
    0x0800013e   0x0800013e   0x00000000   Code   RO         3518    .ARM.Collect$$libinit$$00000004  c_p.l(libinit2.o)
    0x0800013e   0x0800013e   0x00000008   Code   RO         3519    .ARM.Collect$$libinit$$00000005  c_p.l(libinit2.o)
    0x08000146   0x08000146   0x00000000   Code   RO         3521    .ARM.Collect$$libinit$$0000000A  c_p.l(libinit2.o)
    0x08000146   0x08000146   0x00000000   Code   RO         3523    .ARM.Collect$$libinit$$0000000C  c_p.l(libinit2.o)
    0x08000146   0x08000146   0x00000000   Code   RO         3525    .ARM.Collect$$libinit$$0000000E  c_p.l(libinit2.o)
    0x08000146   0x08000146   0x00000000   Code   RO         3528    .ARM.Collect$$libinit$$00000011  c_p.l(libinit2.o)
    0x08000146   0x08000146   0x00000000   Code   RO         3530    .ARM.Collect$$libinit$$00000013  c_p.l(libinit2.o)
    0x08000146   0x08000146   0x00000000   Code   RO         3532    .ARM.Collect$$libinit$$00000015  c_p.l(libinit2.o)
    0x08000146   0x08000146   0x00000000   Code   RO         3534    .ARM.Collect$$libinit$$00000017  c_p.l(libinit2.o)
    0x08000146   0x08000146   0x00000000   Code   RO         3536    .ARM.Collect$$libinit$$00000019  c_p.l(libinit2.o)
    0x08000146   0x08000146   0x00000000   Code   RO         3538    .ARM.Collect$$libinit$$0000001B  c_p.l(libinit2.o)
    0x08000146   0x08000146   0x00000000   Code   RO         3540    .ARM.Collect$$libinit$$0000001D  c_p.l(libinit2.o)
    0x08000146   0x08000146   0x00000000   Code   RO         3542    .ARM.Collect$$libinit$$0000001F  c_p.l(libinit2.o)
    0x08000146   0x08000146   0x00000000   Code   RO         3544    .ARM.Collect$$libinit$$00000021  c_p.l(libinit2.o)
    0x08000146   0x08000146   0x00000000   Code   RO         3546    .ARM.Collect$$libinit$$00000023  c_p.l(libinit2.o)
    0x08000146   0x08000146   0x00000004   Code   RO         3547    .ARM.Collect$$libinit$$00000024  c_p.l(libinit2.o)
    0x0800014a   0x0800014a   0x00000000   Code   RO         3548    .ARM.Collect$$libinit$$00000025  c_p.l(libinit2.o)
    0x0800014a   0x0800014a   0x00000000   Code   RO         3552    .ARM.Collect$$libinit$$0000002C  c_p.l(libinit2.o)
    0x0800014a   0x0800014a   0x00000000   Code   RO         3554    .ARM.Collect$$libinit$$0000002E  c_p.l(libinit2.o)
    0x0800014a   0x0800014a   0x00000000   Code   RO         3556    .ARM.Collect$$libinit$$00000030  c_p.l(libinit2.o)
    0x0800014a   0x0800014a   0x00000000   Code   RO         3558    .ARM.Collect$$libinit$$00000032  c_p.l(libinit2.o)
    0x0800014a   0x0800014a   0x00000002   Code   RO         3559    .ARM.Collect$$libinit$$00000033  c_p.l(libinit2.o)
    0x0800014c   0x0800014c   0x00000002   Code   RO         3687    .ARM.Collect$$libshutdown$$00000000  c_p.l(libshutdown.o)
    0x0800014e   0x0800014e   0x00000000   Code   RO         3561    .ARM.Collect$$libshutdown$$00000002  c_p.l(libshutdown2.o)
    0x0800014e   0x0800014e   0x00000004   Code   RO         3562    .ARM.Collect$$libshutdown$$00000003  c_p.l(libshutdown2.o)
    0x08000152   0x08000152   0x00000000   Code   RO         3563    .ARM.Collect$$libshutdown$$00000004  c_p.l(libshutdown2.o)
    0x08000152   0x08000152   0x00000000   Code   RO         3566    .ARM.Collect$$libshutdown$$00000007  c_p.l(libshutdown2.o)
    0x08000152   0x08000152   0x00000000   Code   RO         3569    .ARM.Collect$$libshutdown$$0000000A  c_p.l(libshutdown2.o)
    0x08000152   0x08000152   0x00000000   Code   RO         3571    .ARM.Collect$$libshutdown$$0000000C  c_p.l(libshutdown2.o)
    0x08000152   0x08000152   0x00000000   Code   RO         3574    .ARM.Collect$$libshutdown$$0000000F  c_p.l(libshutdown2.o)
    0x08000152   0x08000152   0x00000002   Code   RO         3575    .ARM.Collect$$libshutdown$$00000010  c_p.l(libshutdown2.o)
    0x08000154   0x08000154   0x00000000   Code   RO         3381    .ARM.Collect$$rtentry$$00000000  c_p.l(__rtentry.o)
    0x08000154   0x08000154   0x00000000   Code   RO         3399    .ARM.Collect$$rtentry$$00000002  c_p.l(__rtentry2.o)
    0x08000154   0x08000154   0x00000006   Code   RO         3411    .ARM.Collect$$rtentry$$00000004  c_p.l(__rtentry4.o)
    0x0800015a   0x0800015a   0x00000000   Code   RO         3401    .ARM.Collect$$rtentry$$00000009  c_p.l(__rtentry2.o)
    0x0800015a   0x0800015a   0x00000004   Code   RO         3402    .ARM.Collect$$rtentry$$0000000A  c_p.l(__rtentry2.o)
    0x0800015e   0x0800015e   0x00000000   Code   RO         3404    .ARM.Collect$$rtentry$$0000000C  c_p.l(__rtentry2.o)
    0x0800015e   0x0800015e   0x00000008   Code   RO         3405    .ARM.Collect$$rtentry$$0000000D  c_p.l(__rtentry2.o)
    0x08000166   0x08000166   0x00000002   Code   RO         3580    .ARM.Collect$$rtexit$$00000000  c_p.l(rtexit.o)
    0x08000168   0x08000168   0x00000000   Code   RO         3632    .ARM.Collect$$rtexit$$00000002  c_p.l(rtexit2.o)
    0x08000168   0x08000168   0x00000004   Code   RO         3633    .ARM.Collect$$rtexit$$00000003  c_p.l(rtexit2.o)
    0x0800016c   0x0800016c   0x00000006   Code   RO         3634    .ARM.Collect$$rtexit$$00000004  c_p.l(rtexit2.o)
    0x08000172   0x08000172   0x00000002   PAD
    0x08000174   0x08000174   0x00000000   Code   RO         3638    .emb_text           c_p.l(maybetermalloc1.o)
    0x08000174   0x08000174   0x00000074   Code   RO            4    .text               startup_stm32f042x6.o
    0x080001e8   0x080001e8   0x00000102   Code   RO         3363    .text               c_p.l(lludiv.o)
    0x080002ea   0x080002ea   0x00000002   PAD
    0x080002ec   0x080002ec   0x0000001c   Code   RO         3367    .text               c_p.l(noretval__2printf.o)
    0x08000308   0x08000308   0x00000040   Code   RO         3369    .text               c_p.l(rt_memclr.o)
    0x08000348   0x08000348   0x00000088   Code   RO         3371    .text               c_p.l(strcmp.o)
    0x080003d0   0x080003d0   0x0000015a   Code   RO         3373    .text               c_p.l(aeabi_sdiv.o)
    0x0800052a   0x0800052a   0x00000006   Code   RO         3377    .text               c_p.l(heapauxi.o)
    0x08000530   0x08000530   0x00000028   Code   RO         3390    .text               c_p.l(_printf_char_file.o)
    0x08000558   0x08000558   0x00000030   Code   RO         3415    .text               c_p.l(_printf_char_common.o)
    0x08000588   0x08000588   0x00000008   Code   RO         3417    .text               c_p.l(ferror.o)
    0x08000590   0x08000590   0x0000013c   Code   RO         3419    .text               c_p.l(initio.o)
    0x080006cc   0x080006cc   0x0000003e   Code   RO         3427    .text               c_p.l(sys_stackheap_outer.o)
    0x0800070a   0x0800070a   0x0000004c   Code   RO         3432    .text               c_p.l(h1_free.o)
    0x08000756   0x08000756   0x00000024   Code   RO         3486    .text               c_p.l(__printf_nopercent.o)
    0x0800077a   0x0800077a   0x00000002   PAD
    0x0800077c   0x0800077c   0x0000004c   Code   RO         3488    .text               c_p.l(setvbuf.o)
    0x080007c8   0x080007c8   0x000000e8   Code   RO         3491    .text               c_p.l(fopen.o)
    0x080008b0   0x080008b0   0x0000004c   Code   RO         3493    .text               c_p.l(fclose.o)
    0x080008fc   0x080008fc   0x00000010   Code   RO         3499    .text               c_p.l(exit.o)
    0x0800090c   0x0800090c   0x0000000c   Code   RO         3505    .text               c_p.l(defsig_rtred_outer.o)
    0x08000918   0x08000918   0x00000008   Code   RO         3576    .text               c_p.l(libspace.o)
    0x08000920   0x08000920   0x00000008   Code   RO         3587    .text               c_p.l(rt_heap_descriptor_intlibspace.o)
    0x08000928   0x08000928   0x00000004   Code   RO         3589    .text               c_p.l(hguard.o)
    0x0800092c   0x0800092c   0x00000088   Code   RO         3591    .text               c_p.l(init_alloc.o)
    0x080009b4   0x080009b4   0x00000062   Code   RO         3597    .text               c_p.l(h1_alloc.o)
    0x08000a16   0x08000a16   0x00000002   PAD
    0x08000a18   0x08000a18   0x000000f4   Code   RO         3611    .text               c_p.l(fseek.o)
    0x08000b0c   0x08000b0c   0x000000f0   Code   RO         3613    .text               c_p.l(stdio.o)
    0x08000bfc   0x08000bfc   0x0000000c   Code   RO         3615    .text               c_p.l(defsig_exit.o)
    0x08000c08   0x08000c08   0x00000034   Code   RO         3619    .text               c_p.l(defsig_rtred_inner.o)
    0x08000c3c   0x08000c3c   0x0000000c   Code   RO         3629    .text               c_p.l(sys_exit.o)
    0x08000c48   0x08000c48   0x0000000e   Code   RO         3640    .text               c_p.l(h1_init.o)
    0x08000c56   0x08000c56   0x00000034   Code   RO         3642    .text               c_p.l(h1_extend.o)
    0x08000c8a   0x08000c8a   0x00000042   Code   RO         3648    .text               c_p.l(ftell.o)
    0x08000ccc   0x08000ccc   0x00000034   Code   RO         3652    .text               c_p.l(defsig_general.o)
    0x08000d00   0x08000d00   0x0000000c   Code   RO         3654    .text               c_p.l(defsig_rtmem_outer.o)
    0x08000d0c   0x08000d0c   0x00000002   Code   RO         3669    .text               c_p.l(use_no_semi.o)
    0x08000d0e   0x08000d0e   0x00000000   Code   RO         3671    .text               c_p.l(indicate_semi.o)
    0x08000d0e   0x08000d0e   0x00000002   PAD
    0x08000d10   0x08000d10   0x00000008   Code   RO         3675    .text               c_p.l(rt_errno_addr_intlibspace.o)
    0x08000d18   0x08000d18   0x00000050   Code   RO         3681    .text               c_p.l(defsig_rtmem_inner.o)
    0x08000d68   0x08000d68   0x00000040   Code   RO         2204    i.HAL_DMA_Abort     stm32f0xx_hal_dma.o
    0x08000da8   0x08000da8   0x00000048   Code   RO         2205    i.HAL_DMA_Abort_IT  stm32f0xx_hal_dma.o
    0x08000df0   0x08000df0   0x00000024   Code   RO         1469    i.HAL_Delay         stm32f0xx_hal.o
    0x08000e14   0x08000e14   0x00000198   Code   RO         2143    i.HAL_GPIO_Init     stm32f0xx_hal_gpio.o
    0x08000fac   0x08000fac   0x00000010   Code   RO         2146    i.HAL_GPIO_TogglePin  stm32f0xx_hal_gpio.o
    0x08000fbc   0x08000fbc   0x0000000c   Code   RO         2147    i.HAL_GPIO_WritePin  stm32f0xx_hal_gpio.o
    0x08000fc8   0x08000fc8   0x0000000c   Code   RO         1473    i.HAL_GetTick       stm32f0xx_hal.o
    0x08000fd4   0x08000fd4   0x00000010   Code   RO         1479    i.HAL_IncTick       stm32f0xx_hal.o
    0x08000fe4   0x08000fe4   0x00000020   Code   RO         1480    i.HAL_Init          stm32f0xx_hal.o
    0x08001004   0x08001004   0x00000044   Code   RO         1481    i.HAL_InitTick      stm32f0xx_hal.o
    0x08001048   0x08001048   0x00000028   Code   RO          272    i.HAL_MspInit       stm32f0xx_hal_msp.o
    0x08001070   0x08001070   0x00000018   Code   RO         2300    i.HAL_NVIC_EnableIRQ  stm32f0xx_hal_cortex.o
    0x08001088   0x08001088   0x00000008   Code   RO         2304    i.HAL_NVIC_SetPriority  stm32f0xx_hal_cortex.o
    0x08001090   0x08001090   0x0000010c   Code   RO         1389    i.HAL_RCCEx_PeriphCLKConfig  stm32f0xx_hal_rcc_ex.o
    0x0800119c   0x0800119c   0x00000110   Code   RO         1284    i.HAL_RCC_ClockConfig  stm32f0xx_hal_rcc.o
    0x080012ac   0x080012ac   0x00000020   Code   RO         1291    i.HAL_RCC_GetPCLK1Freq  stm32f0xx_hal_rcc.o
    0x080012cc   0x080012cc   0x00000068   Code   RO         1292    i.HAL_RCC_GetSysClockFreq  stm32f0xx_hal_rcc.o
    0x08001334   0x08001334   0x00000404   Code   RO         1295    i.HAL_RCC_OscConfig  stm32f0xx_hal_rcc.o
    0x08001738   0x08001738   0x00000030   Code   RO         2308    i.HAL_SYSTICK_Config  stm32f0xx_hal_cortex.o
    0x08001768   0x08001768   0x00000002   Code   RO         1020    i.HAL_TIMEx_BreakCallback  stm32f0xx_hal_tim_ex.o
    0x0800176a   0x0800176a   0x00000002   Code   RO         1021    i.HAL_TIMEx_CommutCallback  stm32f0xx_hal_tim_ex.o
    0x0800176c   0x0800176c   0x00000058   Code   RO         1039    i.HAL_TIMEx_MasterConfigSynchronization  stm32f0xx_hal_tim_ex.o
    0x080017c4   0x080017c4   0x00000048   Code   RO          318    i.HAL_TIM_Base_Init  stm32f0xx_hal_tim.o
    0x0800180c   0x0800180c   0x00000050   Code   RO          274    i.HAL_TIM_Base_MspInit  stm32f0xx_hal_msp.o
    0x0800185c   0x0800185c   0x00000044   Code   RO          321    i.HAL_TIM_Base_Start  stm32f0xx_hal_tim.o
    0x080018a0   0x080018a0   0x0000004c   Code   RO          323    i.HAL_TIM_Base_Start_IT  stm32f0xx_hal_tim.o
    0x080018ec   0x080018ec   0x000000dc   Code   RO          327    i.HAL_TIM_ConfigClockSource  stm32f0xx_hal_tim.o
    0x080019c8   0x080019c8   0x00000002   Code   RO          352    i.HAL_TIM_IC_CaptureCallback  stm32f0xx_hal_tim.o
    0x080019ca   0x080019ca   0x00000162   Code   RO          366    i.HAL_TIM_IRQHandler  stm32f0xx_hal_tim.o
    0x08001b2c   0x08001b2c   0x00000002   Code   RO          369    i.HAL_TIM_OC_DelayElapsedCallback  stm32f0xx_hal_tim.o
    0x08001b2e   0x08001b2e   0x00000002   Code   RO          396    i.HAL_TIM_PWM_PulseFinishedCallback  stm32f0xx_hal_tim.o
    0x08001b30   0x08001b30   0x0000000e   Code   RO           13    i.HAL_TIM_PeriodElapsedCallback  main.o
    0x08001b3e   0x08001b3e   0x00000002   Code   RO          409    i.HAL_TIM_TriggerCallback  stm32f0xx_hal_tim.o
    0x08001b40   0x08001b40   0x00000002   Code   RO         2793    i.HAL_UARTEx_RxEventCallback  stm32f0xx_hal_uart.o
    0x08001b42   0x08001b42   0x00000002   Code   RO         3184    i.HAL_UARTEx_WakeupCallback  stm32f0xx_hal_uart_ex.o
    0x08001b44   0x08001b44   0x00000002   Code   RO         2809    i.HAL_UART_ErrorCallback  stm32f0xx_hal_uart.o
    0x08001b46   0x08001b46   0x00000002   PAD
    0x08001b48   0x08001b48   0x000002ac   Code   RO         2812    i.HAL_UART_IRQHandler  stm32f0xx_hal_uart.o
    0x08001df4   0x08001df4   0x0000006a   Code   RO         2813    i.HAL_UART_Init     stm32f0xx_hal_uart.o
    0x08001e5e   0x08001e5e   0x00000002   PAD
    0x08001e60   0x08001e60   0x000000b4   Code   RO          276    i.HAL_UART_MspInit  stm32f0xx_hal_msp.o
    0x08001f14   0x08001f14   0x000000c0   Code   RO         2822    i.HAL_UART_Transmit  stm32f0xx_hal_uart.o
    0x08001fd4   0x08001fd4   0x00000002   Code   RO         2825    i.HAL_UART_TxCpltCallback  stm32f0xx_hal_uart.o
    0x08001fd6   0x08001fd6   0x00000002   Code   RO          206    i.HardFault_Handler  stm32f0xx_it.o
    0x08001fd8   0x08001fd8   0x000000a0   Code   RO           14    i.MX_GPIO_Init      main.o
    0x08002078   0x08002078   0x00000068   Code   RO           15    i.MX_TIM2_Init      main.o
    0x080020e0   0x080020e0   0x00000038   Code   RO           16    i.MX_USART1_UART_Init  main.o
    0x08002118   0x08002118   0x00000038   Code   RO           17    i.MX_USART2_UART_Init  main.o
    0x08002150   0x08002150   0x00000002   Code   RO          207    i.NMI_Handler       stm32f0xx_it.o
    0x08002152   0x08002152   0x00000002   Code   RO          208    i.PendSV_Handler    stm32f0xx_it.o
    0x08002154   0x08002154   0x00000002   Code   RO          209    i.SVC_Handler       stm32f0xx_it.o
    0x08002156   0x08002156   0x00000008   Code   RO          210    i.SysTick_Handler   stm32f0xx_it.o
    0x0800215e   0x0800215e   0x00000068   Code   RO           18    i.SystemClock_Config  main.o
    0x080021c6   0x080021c6   0x00000002   Code   RO         3250    i.SystemInit        system_stm32f0xx.o
    0x080021c8   0x080021c8   0x00000010   Code   RO          211    i.TIM16_IRQHandler  stm32f0xx_it.o
    0x080021d8   0x080021d8   0x00000084   Code   RO          411    i.TIM_Base_SetConfig  stm32f0xx_hal_tim.o
    0x0800225c   0x0800225c   0x00000016   Code   RO          422    i.TIM_ETR_SetConfig  stm32f0xx_hal_tim.o
    0x08002272   0x08002272   0x00000010   Code   RO          423    i.TIM_ITRx_SetConfig  stm32f0xx_hal_tim.o
    0x08002282   0x08002282   0x00000022   Code   RO          429    i.TIM_TI1_ConfigInputStage  stm32f0xx_hal_tim.o
    0x080022a4   0x080022a4   0x00000026   Code   RO          431    i.TIM_TI2_ConfigInputStage  stm32f0xx_hal_tim.o
    0x080022ca   0x080022ca   0x000000ca   Code   RO         2827    i.UART_AdvFeatureConfig  stm32f0xx_hal_uart.o
    0x08002394   0x08002394   0x000000c4   Code   RO         2828    i.UART_CheckIdleState  stm32f0xx_hal_uart.o
    0x08002458   0x08002458   0x00000014   Code   RO         2829    i.UART_DMAAbortOnError  stm32f0xx_hal_uart.o
    0x0800246c   0x0800246c   0x00000060   Code   RO         2839    i.UART_EndRxTransfer  stm32f0xx_hal_uart.o
    0x080024cc   0x080024cc   0x00000130   Code   RO         2843    i.UART_SetConfig    stm32f0xx_hal_uart.o
    0x080025fc   0x080025fc   0x0000008a   Code   RO         2848    i.UART_WaitOnFlagUntilTimeout  stm32f0xx_hal_uart.o
    0x08002686   0x08002686   0x00000002   PAD
    0x08002688   0x08002688   0x00000010   Code   RO          212    i.USART1_IRQHandler  stm32f0xx_it.o
    0x08002698   0x08002698   0x00000010   Code   RO          213    i.USART2_IRQHandler  stm32f0xx_it.o
    0x080026a8   0x080026a8   0x00000030   Code   RO         1370    i.__ARM_common_ll_muluu  stm32f0xx_hal_rcc.o
    0x080026d8   0x080026d8   0x00000044   Code   RO         2310    i.__NVIC_SetPriority  stm32f0xx_hal_cortex.o
    0x0800271c   0x0800271c   0x0000001c   Code   RO         3281    i._sys_close        retarget_io.o
    0x08002738   0x08002738   0x00000010   Code   RO         3282    i._sys_flen         retarget_io.o
    0x08002748   0x08002748   0x0000001c   Code   RO         3283    i._sys_istty        retarget_io.o
    0x08002764   0x08002764   0x00000068   Code   RO         3284    i._sys_open         retarget_io.o
    0x080027cc   0x080027cc   0x00000006   Code   RO         3286    i._sys_seek         retarget_io.o
    0x080027d2   0x080027d2   0x00000002   PAD
    0x080027d4   0x080027d4   0x00000040   Code   RO         3287    i._sys_write        retarget_io.o
    0x08002814   0x08002814   0x00000008   Code   RO         3288    i._ttywrch          retarget_io.o
    0x0800281c   0x0800281c   0x00000018   Code   RO           19    i.fputc             main.o
    0x08002834   0x08002834   0x00000078   Code   RO           20    i.main              main.o
    0x080028ac   0x080028ac   0x00000004   Code   RO           22    i.stdout_putchar    main.o
    0x080028b0   0x080028b0   0x00000002   Code   RO           23    i.ttywrch           main.o
    0x080028b2   0x080028b2   0x00000020   Data   RO         1296    .constdata          stm32f0xx_hal_rcc.o
    0x080028d2   0x080028d2   0x00000010   Data   RO         3251    .constdata          system_stm32f0xx.o
    0x080028e2   0x080028e2   0x00000008   Data   RO         3252    .constdata          system_stm32f0xx.o
    0x080028ea   0x080028ea   0x00000007   Data   RO         3289    .constdata          retarget_io.o
    0x080028f1   0x080028f1   0x00000008   Data   RO         3290    .constdata          retarget_io.o
    0x080028f9   0x080028f9   0x00000008   Data   RO         3291    .constdata          retarget_io.o
    0x08002901   0x08002901   0x00000003   PAD
    0x08002904   0x08002904   0x00000020   Data   RO         3704    Region$$Table       anon$$obj.o


    Execution Region RW_IRAM1 (Exec base: 0x20000000, Load base: 0x08002924, Size: 0x00000918, Max: 0x00001800, ABSOLUTE)

    Exec Addr    Load Addr    Size         Type   Attr      Idx    E Section Name        Object

    0x20000000   0x08002924   0x0000000c   Data   RW         1487    .data               stm32f0xx_hal.o
    0x2000000c   0x08002930   0x00000004   Data   RW         3253    .data               system_stm32f0xx.o
    0x20000010   0x08002934   0x00000004   Data   RW         3395    .data               c_p.l(stdio_streams.o)
    0x20000014   0x08002938   0x00000004   Data   RW         3396    .data               c_p.l(stdio_streams.o)
    0x20000018   0x0800293c   0x00000004   Data   RW         3397    .data               c_p.l(stdio_streams.o)
    0x2000001c        -       0x000001a0   Zero   RW           24    .bss                main.o
    0x200001bc        -       0x00000054   Zero   RW         3392    .bss                c_p.l(stdio_streams.o)
    0x20000210        -       0x00000054   Zero   RW         3393    .bss                c_p.l(stdio_streams.o)
    0x20000264        -       0x00000054   Zero   RW         3394    .bss                c_p.l(stdio_streams.o)
    0x200002b8        -       0x00000060   Zero   RW         3577    .bss                c_p.l(libspace.o)
    0x20000318        -       0x00000200   Zero   RW            2    HEAP                startup_stm32f042x6.o
    0x20000518        -       0x00000400   Zero   RW            1    STACK               startup_stm32f042x6.o


==============================================================================

Image component sizes


      Code (inc. data)   RO Data    RW Data    ZI Data      Debug   Object Name

       644         68          0          0        416     475727   main.o
       254         62         23          0          0       5689   retarget_io.o
       116         56        192          0       1536        668   startup_stm32f042x6.o
       164         30          0         12          0       8693   stm32f0xx_hal.o
       148         24          0          0          0      10329   stm32f0xx_hal_cortex.o
       136          0          0          0          0       1751   stm32f0xx_hal_dma.o
       436         22          0          0          0       2725   stm32f0xx_hal_gpio.o
       300         30          0          0          0       2320   stm32f0xx_hal_msp.o
      1484         66         32          0          0       4845   stm32f0xx_hal_rcc.o
       268         14          0          0          0       1496   stm32f0xx_hal_rcc_ex.o
      1040         36          0          0          0      10238   stm32f0xx_hal_tim.o
        92         10          0          0          0       2401   stm32f0xx_hal_tim_ex.o
      1944         44          0          0          0      15815   stm32f0xx_hal_uart.o
         2          0          0          0          0       1000   stm32f0xx_hal_uart_ex.o
        64         18          0          0          0       3526   stm32f0xx_it.o
         2          0         24          4          0       1123   system_stm32f0xx.o

    ----------------------------------------------------------------------
      7102        480        306         16       1952     548346   Object Totals
         0          0         32          0          0          0   (incl. Generated)
         8          0          3          0          0          0   (incl. Padding)

    ----------------------------------------------------------------------

      Code (inc. data)   RO Data    RW Data    ZI Data      Debug   Library Member Name

         8          0          0          0          0         68   __main.o
        36          0          0          0          0         76   __printf_nopercent.o
         0          0          0          0          0          0   __rtentry.o
        12          0          0          0          0          0   __rtentry2.o
         6          0          0          0          0          0   __rtentry4.o
        60          8          0          0          0          0   __scatter.o
        26          0          0          0          0          0   __scatter_copy.o
        28          0          0          0          0          0   __scatter_zi.o
        48          6          0          0          0         88   _printf_char_common.o
        40          6          0          0          0         72   _printf_char_file.o
       346          0          0          0          0         92   aeabi_sdiv.o
        12          0          0          0          0         68   defsig_exit.o
        52          0          0          0          0         72   defsig_general.o
        80         58          0          0          0         68   defsig_rtmem_inner.o
        12          0          0          0          0         68   defsig_rtmem_outer.o
        52         38          0          0          0         68   defsig_rtred_inner.o
        12          0          0          0          0         68   defsig_rtred_outer.o
        16          0          0          0          0         68   exit.o
        76          4          0          0          0         76   fclose.o
         8          0          0          0          0         60   ferror.o
       232          8          0          0          0        108   fopen.o
       244          4          0          0          0         76   fseek.o
        66          0          0          0          0         68   ftell.o
        98          0          0          0          0         72   h1_alloc.o
        52          0          0          0          0         68   h1_extend.o
        76          0          0          0          0         72   h1_free.o
        14          0          0          0          0         76   h1_init.o
         6          0          0          0          0        136   heapauxi.o
         4          0          0          0          0        120   hguard.o
         0          0          0          0          0          0   indicate_semi.o
       136          0          0          0          0        160   init_alloc.o
       316         44          0          0          0         96   initio.o
         2          0          0          0          0          0   libinit.o
        14          0          0          0          0          0   libinit2.o
         2          0          0          0          0          0   libshutdown.o
         6          0          0          0          0          0   libshutdown2.o
         8          4          0          0         96         68   libspace.o
       258          0          0          0          0         88   lludiv.o
         0          0          0          0          0          0   maybetermalloc1.o
        28          6          0          0          0         84   noretval__2printf.o
         8          4          0          0          0         68   rt_errno_addr_intlibspace.o
         8          4          0          0          0         68   rt_heap_descriptor_intlibspace.o
        64          0          0          0          0        108   rt_memclr.o
         2          0          0          0          0          0   rtexit.o
        10          0          0          0          0          0   rtexit2.o
        76          4          0          0          0         72   setvbuf.o
       240          8          0          0          0        144   stdio.o
         0          0          0         12        252          0   stdio_streams.o
       136          4          0          0          0         72   strcmp.o
        12          4          0          0          0         60   sys_exit.o
        62          0          0          0          0         80   sys_stackheap_outer.o
         2          0          0          0          0         68   use_no_semi.o

    ----------------------------------------------------------------------
      3124        214          0         12        348       3044   Library Totals
        12          0          0          0          0          0   (incl. Padding)

    ----------------------------------------------------------------------

      Code (inc. data)   RO Data    RW Data    ZI Data      Debug   Library Name

      3112        214          0         12        348       3044   c_p.l

    ----------------------------------------------------------------------
      3124        214          0         12        348       3044   Library Totals

    ----------------------------------------------------------------------

==============================================================================


      Code (inc. data)   RO Data    RW Data    ZI Data      Debug   

     10226        694        306         28       2300     546610   Grand Totals
     10226        694        306         28       2300     546610   ELF Image Totals
     10226        694        306         28          0          0   ROM Totals

==============================================================================

    Total RO  Size (Code + RO Data)                10532 (  10.29kB)
    Total RW  Size (RW Data + ZI Data)              2328 (   2.27kB)
    Total ROM Size (Code + RO Data + RW Data)      10560 (  10.31kB)

==============================================================================

